Welcome to giac readline interface
(c) 2001,2016 B. Parisse & others
Homepage http://www-fourier.ujf-grenoble.fr/~parisse/giac.html
Released under the GPL license 3.0 or above
See http://www.gnu.org for license details
May contain BSD licensed software parts (lapack, atlas, tinymt)
-------------------------------------------------
Press CTRL and D simultaneously to finish session
Type ?commandname for help
0>> gbasis([x^2+x*y-1,2*x*y+3*x,x^3],[x,y],plex)
[1]
1>> 