                     SINGULAR                                 /
 A Computer Algebra System for Polynomial Computations       /   version 4.0.3
                                                           0<
 by: W. Decker, G.-M. Greuel, G. Pfister, H. Schoenemann     \   Jan 2016
FB Mathematik der Universitaet, D-67653 Kaiserslautern        \  Debian 4.0.3+ds-1
_[1]=1
> Auf Wiedersehen.
