Welcome to giac readline interface
(c) 2001,2016 B. Parisse & others
Homepage http://www-fourier.ujf-grenoble.fr/~parisse/giac.html
Released under the GPL license 3.0 or above
See http://www.gnu.org for license details
May contain BSD licensed software parts (lapack, atlas, tinymt)
-------------------------------------------------
Press CTRL and D simultaneously to finish session
Type ?commandname for help
0>> gbasis([-63+-50*v1,113+-25*v3,2*v6*v5^2*v4^5+-1*v5^2*v4^6+-4*v6^2*v5*v4^4<-25*v3,2*v6*v5^2*v4^5+-1*v5^2*v4^6+-4*v6^2*v5*v4^4*                         v3+2*v5^3*v4^4*v3+2*v6*v5<5^2*v4^6+-4*v6^2*v5*v4^4*v3+2*v5^3*v4^4*v3+2*v6*v5*                         v4^5*v3+2*v6^3*v4^3*v3^2+<3+2*v5^3*v4^4*v3+2*v6*v5*v4^5*v3+2*v6^3*v4^3*v3^2+-                         2*v6*v5^2*v4^3*v3^2+-1*v6<4^5*v3+2*v6^3*v4^3*v3^2+-2*v6*v5^2*v4^3*v3^2+-1*v6^                         2*v4^4*v3^2+-2*v5^2*v4^4*<*v6*v5^2*v4^3*v3^2+-1*v6^2*v4^4*v3^2+-2*v5^2*v4^4*v                         3^2+-2*v6^2*v5*v4^2*v3^3+<*v4^4*v3^2+-2*v5^2*v4^4*v3^2+-2*v6^2*v5*v4^2*v3^3+2                         *v5^3*v4^2*v3^3+4*v6*v5*v<^2+-2*v6^2*v5*v4^2*v3^3+2*v5^3*v4^2*v3^3+4*v6*v5*v4                         ^3*v3^3+2*v6^3*v4*v3^4+-4<v5^3*v4^2*v3^3+4*v6*v5*v4^3*v3^3+2*v6^3*v4*v3^4+-4*                         v6*v5^2*v4*v3^4+-2*v6^2*v<3*v3^3+2*v6^3*v4*v3^4+-4*v6*v5^2*v4*v3^4+-2*v6^2*v4                         ^2*v3^4+-1*v5^2*v4^2*v3^4<6*v5^2*v4*v3^4+-2*v6^2*v4^2*v3^4+-1*v5^2*v4^2*v3^4+                         2*v6^2*v5*v3^5+2*v6*v5*v4<2*v3^4+-1*v5^2*v4^2*v3^4+2*v6^2*v5*v3^5+2*v6*v5*v4*                         v3^5+-1*v6^2*v3^6+-10*v6*<*v6^2*v5*v3^5+2*v6*v5*v4*v3^5+-1*v6^2*v3^6+-10*v6*v                         5^2*v4^4*v2+4*v5^2*v4^5*v<3^5+-1*v6^2*v3^6+-10*v6*v5^2*v4^4*v2+4*v5^2*v4^5*v2                         +16*v6^2*v5*v4^3*v3*v2+-8<^2*v4^4*v2+4*v5^2*v4^5*v2+16*v6^2*v5*v4^3*v3*v2+-8*                         v5^3*v4^3*v3*v2+-2*v6*v5*<16*v6^2*v5*v4^3*v3*v2+-8*v5^3*v4^3*v3*v2+-2*v6*v5*v                         4^4*v3*v2+-2*v5*v4^5*v3*v<5^3*v4^3*v3*v2+-2*v6*v5*v4^4*v3*v2+-2*v5*v4^5*v3*v2                         +-6*v6^3*v4^2*v3^2*v2+6*v<^4*v3*v2+-2*v5*v4^5*v3*v2+-6*v6^3*v4^2*v3^2*v2+6*v6                         *v5^2*v4^2*v3^2*v2+-2*v6^<-6*v6^3*v4^2*v3^2*v2+6*v6*v5^2*v4^2*v3^2*v2+-2*v6^2                         *v4^3*v3^2*v2+10*v5^2*v4^<v5^2*v4^2*v3^2*v2+-2*v6^2*v4^3*v3^2*v2+10*v5^2*v4^3                         *v3^2*v2+2*v6*v4^4*v3^2*v<v4^3*v3^2*v2+10*v5^2*v4^3*v3^2*v2+2*v6*v4^4*v3^2*v2                         +4*v6^2*v5*v4*v3^3*v2+-4*<v3^2*v2+2*v6*v4^4*v3^2*v2+4*v6^2*v5*v4*v3^3*v2+-4*v                         5^3*v4*v3^3*v2+-8*v6*v5*v<4*v6^2*v5*v4*v3^3*v2+-4*v5^3*v4*v3^3*v2+-8*v6*v5*v4                         ^2*v3^3*v2+-4*v5*v4^3*v3^<^3*v4*v3^3*v2+-8*v6*v5*v4^2*v3^3*v2+-4*v5*v4^3*v3^3                         *v2+-2*v6^3*v3^4*v2+4*v6*<2*v3^3*v2+-4*v5*v4^3*v3^3*v2+-2*v6^3*v3^4*v2+4*v6*v                         5^2*v3^4*v2+-2*v6^2*v4*v3<v2+-2*v6^3*v3^4*v2+4*v6*v5^2*v3^4*v2+-2*v6^2*v4*v3^                         4*v2+6*v5^2*v4*v3^4*v2+4*<^2*v3^4*v2+-2*v6^2*v4*v3^4*v2+6*v5^2*v4*v3^4*v2+4*v                         6*v4^2*v3^4*v2+-6*v6*v5*v<*v2+6*v5^2*v4*v3^4*v2+4*v6*v4^2*v3^4*v2+-6*v6*v5*v3                         ^5*v2+-2*v5*v4*v3^5*v2+2*<*v4^2*v3^4*v2+-6*v6*v5*v3^5*v2+-2*v5*v4*v3^5*v2+2*v                         6*v3^6*v2+20*v6*v5^2*v4^3<5*v2+-2*v5*v4*v3^5*v2+2*v6*v3^6*v2+20*v6*v5^2*v4^3*                         v2^2+-5*v5^2*v4^4*v2^2+-2<*v3^6*v2+20*v6*v5^2*v4^3*v2^2+-5*v5^2*v4^4*v2^2+-24                         *v6^2*v5*v4^2*v3*v2^2+12*<2^2+-5*v5^2*v4^4*v2^2+-24*v6^2*v5*v4^2*v3*v2^2+12*v                         5^3*v4^2*v3*v2^2+-12*v6*v<v6^2*v5*v4^2*v3*v2^2+12*v5^3*v4^2*v3*v2^2+-12*v6*v5                         *v4^3*v3*v2^2+6*v5*v4^4*v<^3*v4^2*v3*v2^2+-12*v6*v5*v4^3*v3*v2^2+6*v5*v4^4*v3                         *v2^2+6*v6^3*v4*v3^2*v2^2<v4^3*v3*v2^2+6*v5*v4^4*v3*v2^2+6*v6^3*v4*v3^2*v2^2+                         -6*v6*v5^2*v4*v3^2*v2^2+1<v2^2+6*v6^3*v4*v3^2*v2^2+-6*v6*v5^2*v4*v3^2*v2^2+12                         *v6^2*v4^2*v3^2*v2^2+-18*<6*v6*v5^2*v4*v3^2*v2^2+12*v6^2*v4^2*v3^2*v2^2+-18*v                         5^2*v4^2*v3^2*v2^2+-2*v6*<v6^2*v4^2*v3^2*v2^2+-18*v5^2*v4^2*v3^2*v2^2+-2*v6*v                         4^3*v3^2*v2^2+-1*v4^4*v3^<^2*v4^2*v3^2*v2^2+-2*v6*v4^3*v3^2*v2^2+-1*v4^4*v3^2                         *v2^2+-2*v6^2*v5*v3^3*v2^<^3*v3^2*v2^2+-1*v4^4*v3^2*v2^2+-2*v6^2*v5*v3^3*v2^2                         +2*v5^3*v3^3*v2^2+4*v6*v5<v2^2+-2*v6^2*v5*v3^3*v2^2+2*v5^3*v3^3*v2^2+4*v6*v5*                         v4*v3^3*v2^2+10*v5*v4^2*v<2*v5^3*v3^3*v2^2+4*v6*v5*v4*v3^3*v2^2+10*v5*v4^2*v3                         ^3*v2^2+4*v6^2*v3^4*v2^2+<4*v3^3*v2^2+10*v5*v4^2*v3^3*v2^2+4*v6^2*v3^4*v2^2+-                         5*v5^2*v3^4*v2^2+-2*v6*v4<3*v2^2+4*v6^2*v3^4*v2^2+-5*v5^2*v3^4*v2^2+-2*v6*v4*                         v3^4*v2^2+-2*v4^2*v3^4*v2<*v5^2*v3^4*v2^2+-2*v6*v4*v3^4*v2^2+-2*v4^2*v3^4*v2^                         2+4*v5*v3^5*v2^2+-1*v3^6*<3^4*v2^2+-2*v4^2*v3^4*v2^2+4*v5*v3^5*v2^2+-1*v3^6*v                         2^2+-20*v6*v5^2*v4^2*v2^3<+4*v5*v3^5*v2^2+-1*v3^6*v2^2+-20*v6*v5^2*v4^2*v2^3+                         16*v6^2*v5*v4*v3*v2^3+-8*<^2+-20*v6*v5^2*v4^2*v2^3+16*v6^2*v5*v4*v3*v2^3+-8*v                         5^3*v4*v3*v2^3+28*v6*v5*v<6*v6^2*v5*v4*v3*v2^3+-8*v5^3*v4*v3*v2^3+28*v6*v5*v4                         ^2*v3*v2^3+-4*v5*v4^3*v3*<^3*v4*v3*v2^3+28*v6*v5*v4^2*v3*v2^3+-4*v5*v4^3*v3*v                         2^3+-2*v6^3*v3^2*v2^3+2*v<2*v3*v2^3+-4*v5*v4^3*v3*v2^3+-2*v6^3*v3^2*v2^3+2*v6                         *v5^2*v3^2*v2^3+-14*v6^2*<^3+-2*v6^3*v3^2*v2^3+2*v6*v5^2*v3^2*v2^3+-14*v6^2*v                         4*v3^2*v2^3+14*v5^2*v4*v3<v5^2*v3^2*v2^3+-14*v6^2*v4*v3^2*v2^3+14*v5^2*v4*v3^                         2*v2^3+-6*v6*v4^2*v3^2*v2<*v3^2*v2^3+14*v5^2*v4*v3^2*v2^3+-6*v6*v4^2*v3^2*v2^                         3+2*v4^3*v3^2*v2^3+-8*v5*<*v2^3+-6*v6*v4^2*v3^2*v2^3+2*v4^3*v3^2*v2^3+-8*v5*v                         4*v3^3*v2^3+-2*v6*v3^4*v2<+2*v4^3*v3^2*v2^3+-8*v5*v4*v3^3*v2^3+-2*v6*v3^4*v2^                         3+2*v4*v3^4*v2^3+10*v6*v5<*v3^3*v2^3+-2*v6*v3^4*v2^3+2*v4*v3^4*v2^3+10*v6*v5^                         2*v4*v2^4+5*v5^2*v4^2*v2^<+2*v4*v3^4*v2^3+10*v6*v5^2*v4*v2^4+5*v5^2*v4^2*v2^4                         +-4*v6^2*v5*v3*v2^4+2*v5^<*v4*v2^4+5*v5^2*v4^2*v2^4+-4*v6^2*v5*v3*v2^4+2*v5^3                         *v3*v2^4+-22*v6*v5*v4*v3*<-4*v6^2*v5*v3*v2^4+2*v5^3*v3*v2^4+-22*v6*v5*v4*v3*v                         2^4+-4*v5*v4^2*v3*v2^4+5*<v3*v2^4+-22*v6*v5*v4*v3*v2^4+-4*v5*v4^2*v3*v2^4+5*v                         6^2*v3^2*v2^4+-4*v5^2*v3^<^4+-4*v5*v4^2*v3*v2^4+5*v6^2*v3^2*v2^4+-4*v5^2*v3^2                         *v2^4+10*v6*v4*v3^2*v2^4+<^2*v3^2*v2^4+-4*v5^2*v3^2*v2^4+10*v6*v4*v3^2*v2^4+2                         *v5*v3^3*v2^4+-2*v6*v5^2*<v2^4+10*v6*v4*v3^2*v2^4+2*v5*v3^3*v2^4+-2*v6*v5^2*v                         2^5+-4*v5^2*v4*v2^5+6*v6*<v5*v3^3*v2^4+-2*v6*v5^2*v2^5+-4*v5^2*v4*v2^5+6*v6*v                         5*v3*v2^5+6*v5*v4*v3*v2^5<^5+-4*v5^2*v4*v2^5+6*v6*v5*v3*v2^5+6*v5*v4*v3*v2^5+                         -4*v6*v3^2*v2^5+-2*v4*v3^<*v3*v2^5+6*v5*v4*v3*v2^5+-4*v6*v3^2*v2^5+-2*v4*v3^2                         *v2^5+1*v5^2*v2^6+-2*v5*v<4*v6*v3^2*v2^5+-2*v4*v3^2*v2^5+1*v5^2*v2^6+-2*v5*v3                         *v2^6+1*v3^2*v2^6+4*v6^2*<v2^5+1*v5^2*v2^6+-2*v5*v3*v2^6+1*v3^2*v2^6+4*v6^2*v                         5*v4^4*v1+-2*v5^3*v4^4*v1<v2^6+1*v3^2*v2^6+4*v6^2*v5*v4^4*v1+-2*v5^3*v4^4*v1+                         -6*v6*v5*v4^5*v1+2*v5*v4^<*v4^4*v1+-2*v5^3*v4^4*v1+-6*v6*v5*v4^5*v1+2*v5*v4^6                         *v1+-4*v6^3*v4^3*v3*v1+4*<6*v6*v5*v4^5*v1+2*v5*v4^6*v1+-4*v6^3*v4^3*v3*v1+4*v                         6*v5^2*v4^3*v3*v1+6*v6^2*<v1+-4*v6^3*v4^3*v3*v1+4*v6*v5^2*v4^3*v3*v1+6*v6^2*v                         4^4*v3*v1+-2*v5^2*v4^4*v3<*v5^2*v4^3*v3*v1+6*v6^2*v4^4*v3*v1+-2*v5^2*v4^4*v3*                         v1+-2*v6*v4^5*v3*v1+6*v6^<^4*v3*v1+-2*v5^2*v4^4*v3*v1+-2*v6*v4^5*v3*v1+6*v6^2                         *v5*v4^2*v3^2*v1+-6*v5^3*<1+-2*v6*v4^5*v3*v1+6*v6^2*v5*v4^2*v3^2*v1+-6*v5^3*v                         4^2*v3^2*v1+-8*v6*v5*v4^3<v5*v4^2*v3^2*v1+-6*v5^3*v4^2*v3^2*v1+-8*v6*v5*v4^3*                         v3^2*v1+4*v5*v4^4*v3^2*v1<^2*v3^2*v1+-8*v6*v5*v4^3*v3^2*v1+4*v5*v4^4*v3^2*v1+                         -8*v6^3*v4*v3^3*v1+16*v6*<3^2*v1+4*v5*v4^4*v3^2*v1+-8*v6^3*v4*v3^3*v1+16*v6*v                         5^2*v4*v3^3*v1+10*v6^2*v4<8*v6^3*v4*v3^3*v1+16*v6*v5^2*v4*v3^3*v1+10*v6^2*v4^                         2*v3^3*v1+-2*v5^2*v4^2*v3<^2*v4*v3^3*v1+10*v6^2*v4^2*v3^3*v1+-2*v5^2*v4^2*v3^                         3*v1+-4*v6*v4^3*v3^3*v1+-<*v3^3*v1+-2*v5^2*v4^2*v3^3*v1+-4*v6*v4^3*v3^3*v1+-1                         0*v6^2*v5*v3^4*v1+-2*v6*v<*v1+-4*v6*v4^3*v3^3*v1+-10*v6^2*v5*v3^4*v1+-2*v6*v5                         *v4*v3^4*v1+2*v5*v4^2*v3^<*v6^2*v5*v3^4*v1+-2*v6*v5*v4*v3^4*v1+2*v5*v4^2*v3^4                         *v1+4*v6^2*v3^5*v1+-2*v6*<v4*v3^4*v1+2*v5*v4^2*v3^4*v1+4*v6^2*v3^5*v1+-2*v6*v                         4*v3^5*v1+-16*v6^2*v5*v4^<v1+4*v6^2*v3^5*v1+-2*v6*v4*v3^5*v1+-16*v6^2*v5*v4^3                         *v2*v1+8*v5^3*v4^3*v2*v1+<*v3^5*v1+-16*v6^2*v5*v4^3*v2*v1+8*v5^3*v4^3*v2*v1+2                         2*v6*v5*v4^4*v2*v1+-6*v5*<v2*v1+8*v5^3*v4^3*v2*v1+22*v6*v5*v4^4*v2*v1+-6*v5*v                         4^5*v2*v1+12*v6^3*v4^2*v3<*v6*v5*v4^4*v2*v1+-6*v5*v4^5*v2*v1+12*v6^3*v4^2*v3*                         v2*v1+-12*v6*v5^2*v4^2*v3<^5*v2*v1+12*v6^3*v4^2*v3*v2*v1+-12*v6*v5^2*v4^2*v3*                         v2*v1+-12*v6^2*v4^3*v3*v2<2*v1+-12*v6*v5^2*v4^2*v3*v2*v1+-12*v6^2*v4^3*v3*v2*                         v1+4*v5^2*v4^3*v3*v2*v1+-<2*v1+-12*v6^2*v4^3*v3*v2*v1+4*v5^2*v4^3*v3*v2*v1+-2                         *v6*v4^4*v3*v2*v1+2*v4^5*<1+4*v5^2*v4^3*v3*v2*v1+-2*v6*v4^4*v3*v2*v1+2*v4^5*v                         3*v2*v1+-12*v6^2*v5*v4*v3<v6*v4^4*v3*v2*v1+2*v4^5*v3*v2*v1+-12*v6^2*v5*v4*v3^                         2*v2*v1+12*v5^3*v4*v3^2*v<*v2*v1+-12*v6^2*v5*v4*v3^2*v2*v1+12*v5^3*v4*v3^2*v2                         *v1+12*v6*v5*v4^2*v3^2*v2<*v2*v1+12*v5^3*v4*v3^2*v2*v1+12*v6*v5*v4^2*v3^2*v2*                         v1+-8*v5*v4^3*v3^2*v2*v1+<v1+12*v6*v5*v4^2*v3^2*v2*v1+-8*v5*v4^3*v3^2*v2*v1+8                         *v6^3*v3^3*v2*v1+-16*v6*v<1+-8*v5*v4^3*v3^2*v2*v1+8*v6^3*v3^3*v2*v1+-16*v6*v5                         ^2*v3^3*v2*v1+4*v6^2*v4*v<v6^3*v3^3*v2*v1+-16*v6*v5^2*v3^3*v2*v1+4*v6^2*v4*v3                         ^3*v2*v1+-12*v5^2*v4*v3^3<2*v3^3*v2*v1+4*v6^2*v4*v3^3*v2*v1+-12*v5^2*v4*v3^3*                         v2*v1+-8*v6*v4^2*v3^3*v2*<3*v2*v1+-12*v5^2*v4*v3^3*v2*v1+-8*v6*v4^2*v3^3*v2*v                         1+4*v4^3*v3^3*v2*v1+22*v6<2*v1+-8*v6*v4^2*v3^3*v2*v1+4*v4^3*v3^3*v2*v1+22*v6*                         v5*v3^4*v2*v1+-2*v5*v4*v3<+4*v4^3*v3^3*v2*v1+22*v6*v5*v3^4*v2*v1+-2*v5*v4*v3^                         4*v2*v1+-6*v6*v3^5*v2*v1+<5*v3^4*v2*v1+-2*v5*v4*v3^4*v2*v1+-6*v6*v3^5*v2*v1+2                         *v4*v3^5*v2*v1+24*v6^2*v5<*v2*v1+-6*v6*v3^5*v2*v1+2*v4*v3^5*v2*v1+24*v6^2*v5*                         v4^2*v2^2*v1+-12*v5^3*v4^<v4*v3^5*v2*v1+24*v6^2*v5*v4^2*v2^2*v1+-12*v5^3*v4^2                         *v2^2*v1+-28*v6*v5*v4^3*v<4^2*v2^2*v1+-12*v5^3*v4^2*v2^2*v1+-28*v6*v5*v4^3*v2                         ^2*v1+4*v5*v4^4*v2^2*v1+-<v2^2*v1+-28*v6*v5*v4^3*v2^2*v1+4*v5*v4^4*v2^2*v1+-1                         2*v6^3*v4*v3*v2^2*v1+12*v<2*v1+4*v5*v4^4*v2^2*v1+-12*v6^3*v4*v3*v2^2*v1+12*v6                         *v5^2*v4*v3*v2^2*v1+16*v6<*v6^3*v4*v3*v2^2*v1+12*v6*v5^2*v4*v3*v2^2*v1+16*v6*                         v4^3*v3*v2^2*v1+-4*v4^4*v<v5^2*v4*v3*v2^2*v1+16*v6*v4^3*v3*v2^2*v1+-4*v4^4*v3                         *v2^2*v1+6*v6^2*v5*v3^2*v<4^3*v3*v2^2*v1+-4*v4^4*v3*v2^2*v1+6*v6^2*v5*v3^2*v2                         ^2*v1+-6*v5^3*v3^2*v2^2*v<v2^2*v1+6*v6^2*v5*v3^2*v2^2*v1+-6*v5^3*v3^2*v2^2*v1                         +6*v5*v4^2*v3^2*v2^2*v1+-<2*v1+-6*v5^3*v3^2*v2^2*v1+6*v5*v4^2*v3^2*v2^2*v1+-1                         4*v6^2*v3^3*v2^2*v1+14*v5<6*v5*v4^2*v3^2*v2^2*v1+-14*v6^2*v3^3*v2^2*v1+14*v5^                         2*v3^3*v2^2*v1+4*v6*v4*v3<*v6^2*v3^3*v2^2*v1+14*v5^2*v3^3*v2^2*v1+4*v6*v4*v3^                         3*v2^2*v1+-2*v4^2*v3^3*v2<*v3^3*v2^2*v1+4*v6*v4*v3^3*v2^2*v1+-2*v4^2*v3^3*v2^                         2*v1+-10*v5*v3^4*v2^2*v1+<*v2^2*v1+-2*v4^2*v3^3*v2^2*v1+-10*v5*v3^4*v2^2*v1+2                         *v3^5*v2^2*v1+-16*v6^2*v5<*v1+-10*v5*v3^4*v2^2*v1+2*v3^5*v2^2*v1+-16*v6^2*v5*                         v4*v2^3*v1+8*v5^3*v4*v2^3<v3^5*v2^2*v1+-16*v6^2*v5*v4*v2^3*v1+8*v5^3*v4*v2^3*                         v1+12*v6*v5*v4^2*v2^3*v1+<4*v2^3*v1+8*v5^3*v4*v2^3*v1+12*v6*v5*v4^2*v2^3*v1+4                         *v5*v4^3*v2^3*v1+4*v6^3*v<1+12*v6*v5*v4^2*v2^3*v1+4*v5*v4^3*v2^3*v1+4*v6^3*v3                         *v2^3*v1+-4*v6*v5^2*v3*v2<v5*v4^3*v2^3*v1+4*v6^3*v3*v2^3*v1+-4*v6*v5^2*v3*v2^                         3*v1+12*v6^2*v4*v3*v2^3*v<v2^3*v1+-4*v6*v5^2*v3*v2^3*v1+12*v6^2*v4*v3*v2^3*v1                         +-4*v5^2*v4*v3*v2^3*v1+-1<*v1+12*v6^2*v4*v3*v2^3*v1+-4*v5^2*v4*v3*v2^3*v1+-16                         *v6*v4^2*v3*v2^3*v1+-4*v6<-4*v5^2*v4*v3*v2^3*v1+-16*v6*v4^2*v3*v2^3*v1+-4*v6*                         v5*v3^2*v2^3*v1+-4*v5*v4*<v6*v4^2*v3*v2^3*v1+-4*v6*v5*v3^2*v2^3*v1+-4*v5*v4*v                         3^2*v2^3*v1+8*v6*v3^3*v2^<5*v3^2*v2^3*v1+-4*v5*v4*v3^2*v2^3*v1+8*v6*v3^3*v2^3                         *v1+4*v6^2*v5*v2^4*v1+-2*<^2*v2^3*v1+8*v6*v3^3*v2^3*v1+4*v6^2*v5*v2^4*v1+-2*v                         5^3*v2^4*v1+2*v6*v5*v4*v2<v1+4*v6^2*v5*v2^4*v1+-2*v5^3*v2^4*v1+2*v6*v5*v4*v2^                         4*v1+-6*v5*v4^2*v2^4*v1+-<^3*v2^4*v1+2*v6*v5*v4*v2^4*v1+-6*v5*v4^2*v2^4*v1+-6                         *v6^2*v3*v2^4*v1+2*v5^2*v<*v1+-6*v5*v4^2*v2^4*v1+-6*v6^2*v3*v2^4*v1+2*v5^2*v3                         *v2^4*v1+2*v6*v4*v3*v2^4*<v6^2*v3*v2^4*v1+2*v5^2*v3*v2^4*v1+2*v6*v4*v3*v2^4*v                         1+4*v4^2*v3*v2^4*v1+2*v5*<v2^4*v1+2*v6*v4*v3*v2^4*v1+4*v4^2*v3*v2^4*v1+2*v5*v                         3^2*v2^4*v1+-2*v3^3*v2^4*<+4*v4^2*v3*v2^4*v1+2*v5*v3^2*v2^4*v1+-2*v3^3*v2^4*v                         1+-2*v6*v5*v2^5*v1+2*v5*v<^2*v2^4*v1+-2*v3^3*v2^4*v1+-2*v6*v5*v2^5*v1+2*v5*v4                         *v2^5*v1+2*v6*v3*v2^5*v1+<+-2*v6*v5*v2^5*v1+2*v5*v4*v2^5*v1+2*v6*v3*v2^5*v1+-                         2*v4*v3*v2^5*v1+2*v6^3*v4<v2^5*v1+2*v6*v3*v2^5*v1+-2*v4*v3*v2^5*v1+2*v6^3*v4^                         3*v1^2+-2*v6*v5^2*v4^3*v1<*v4*v3*v2^5*v1+2*v6^3*v4^3*v1^2+-2*v6*v5^2*v4^3*v1^                         2+-5*v6^2*v4^4*v1^2+4*v5^<*v1^2+-2*v6*v5^2*v4^3*v1^2+-5*v6^2*v4^4*v1^2+4*v5^2                         *v4^4*v1^2+4*v6*v4^5*v1^2<+-5*v6^2*v4^4*v1^2+4*v5^2*v4^4*v1^2+4*v6*v4^5*v1^2+                         -1*v4^6*v1^2+-6*v6^2*v5*v<v4^4*v1^2+4*v6*v4^5*v1^2+-1*v4^6*v1^2+-6*v6^2*v5*v4                         ^2*v3*v1^2+6*v5^3*v4^2*v3<1*v4^6*v1^2+-6*v6^2*v5*v4^2*v3*v1^2+6*v5^3*v4^2*v3*                         v1^2+4*v6*v5*v4^3*v3*v1^2<2*v3*v1^2+6*v5^3*v4^2*v3*v1^2+4*v6*v5*v4^3*v3*v1^2+                         -2*v5*v4^4*v3*v1^2+12*v6^<1^2+4*v6*v5*v4^3*v3*v1^2+-2*v5*v4^4*v3*v1^2+12*v6^3                         *v4*v3^2*v1^2+-24*v6*v5^2<2*v5*v4^4*v3*v1^2+12*v6^3*v4*v3^2*v1^2+-24*v6*v5^2*                         v4*v3^2*v1^2+-18*v6^2*v4^<v4*v3^2*v1^2+-24*v6*v5^2*v4*v3^2*v1^2+-18*v6^2*v4^2                         *v3^2*v1^2+12*v5^2*v4^2*v<4*v3^2*v1^2+-18*v6^2*v4^2*v3^2*v1^2+12*v5^2*v4^2*v3                         ^2*v1^2+10*v6*v4^3*v3^2*v<v3^2*v1^2+12*v5^2*v4^2*v3^2*v1^2+10*v6*v4^3*v3^2*v1                         ^2+-2*v4^4*v3^2*v1^2+20*v<2*v1^2+10*v6*v4^3*v3^2*v1^2+-2*v4^4*v3^2*v1^2+20*v6                         ^2*v5*v3^3*v1^2+-12*v6*v5<2+-2*v4^4*v3^2*v1^2+20*v6^2*v5*v3^3*v1^2+-12*v6*v5*                         v4*v3^3*v1^2+-2*v5*v4^2*v<2*v5*v3^3*v1^2+-12*v6*v5*v4*v3^3*v1^2+-2*v5*v4^2*v3                         ^3*v1^2+-5*v6^2*v3^4*v1^2<4*v3^3*v1^2+-2*v5*v4^2*v3^3*v1^2+-5*v6^2*v3^4*v1^2+                         6*v6*v4*v3^4*v1^2+-1*v4^2<3*v1^2+-5*v6^2*v3^4*v1^2+6*v6*v4*v3^4*v1^2+-1*v4^2*                         v3^4*v1^2+-6*v6^3*v4^2*v2<*v6*v4*v3^4*v1^2+-1*v4^2*v3^4*v1^2+-6*v6^3*v4^2*v2*                         v1^2+6*v6*v5^2*v4^2*v2*v1<3^4*v1^2+-6*v6^3*v4^2*v2*v1^2+6*v6*v5^2*v4^2*v2*v1^                         2+14*v6^2*v4^3*v2*v1^2+-1<1^2+6*v6*v5^2*v4^2*v2*v1^2+14*v6^2*v4^3*v2*v1^2+-14                         *v5^2*v4^3*v2*v1^2+-10*v6<+14*v6^2*v4^3*v2*v1^2+-14*v5^2*v4^3*v2*v1^2+-10*v6*                         v4^4*v2*v1^2+2*v4^5*v2*v1<v5^2*v4^3*v2*v1^2+-10*v6*v4^4*v2*v1^2+2*v4^5*v2*v1^                         2+12*v6^2*v5*v4*v3*v2*v1^<4^4*v2*v1^2+2*v4^5*v2*v1^2+12*v6^2*v5*v4*v3*v2*v1^2                         +-12*v5^3*v4*v3*v2*v1^2+4<+12*v6^2*v5*v4*v3*v2*v1^2+-12*v5^3*v4*v3*v2*v1^2+4*                         v5*v4^3*v3*v2*v1^2+-12*v6<-12*v5^3*v4*v3*v2*v1^2+4*v5*v4^3*v3*v2*v1^2+-12*v6^                         3*v3^2*v2*v1^2+24*v6*v5^2<5*v4^3*v3*v2*v1^2+-12*v6^3*v3^2*v2*v1^2+24*v6*v5^2*                         v3^2*v2*v1^2+6*v6*v4^2*v3<*v3^2*v2*v1^2+24*v6*v5^2*v3^2*v2*v1^2+6*v6*v4^2*v3^                         2*v2*v1^2+-2*v4^3*v3^2*v2<3^2*v2*v1^2+6*v6*v4^2*v3^2*v2*v1^2+-2*v4^3*v3^2*v2*                         v1^2+-28*v6*v5*v3^3*v2*v1<*v2*v1^2+-2*v4^3*v3^2*v2*v1^2+-28*v6*v5*v3^3*v2*v1^                         2+16*v5*v4*v3^3*v2*v1^2+4<1^2+-28*v6*v5*v3^3*v2*v1^2+16*v5*v4*v3^3*v2*v1^2+4*                         v6*v3^4*v2*v1^2+-4*v4*v3^<+16*v5*v4*v3^3*v2*v1^2+4*v6*v3^4*v2*v1^2+-4*v4*v3^4                         *v2*v1^2+6*v6^3*v4*v2^2*v<6*v3^4*v2*v1^2+-4*v4*v3^4*v2*v1^2+6*v6^3*v4*v2^2*v1                         ^2+-6*v6*v5^2*v4*v2^2*v1^<v2*v1^2+6*v6^3*v4*v2^2*v1^2+-6*v6*v5^2*v4*v2^2*v1^2                         +-12*v6^2*v4^2*v2^2*v1^2+<2+-6*v6*v5^2*v4*v2^2*v1^2+-12*v6^2*v4^2*v2^2*v1^2+1                         8*v5^2*v4^2*v2^2*v1^2+6*v<-12*v6^2*v4^2*v2^2*v1^2+18*v5^2*v4^2*v2^2*v1^2+6*v6                         *v4^3*v2^2*v1^2+-6*v6^2*v<*v5^2*v4^2*v2^2*v1^2+6*v6*v4^3*v2^2*v1^2+-6*v6^2*v5                         *v3*v2^2*v1^2+6*v5^3*v3*v<v4^3*v2^2*v1^2+-6*v6^2*v5*v3*v2^2*v1^2+6*v5^3*v3*v2                         ^2*v1^2+-12*v6*v5*v4*v3*v<v3*v2^2*v1^2+6*v5^3*v3*v2^2*v1^2+-12*v6*v5*v4*v3*v2                         ^2*v1^2+-6*v5*v4^2*v3*v2^<2*v1^2+-12*v6*v5*v4*v3*v2^2*v1^2+-6*v5*v4^2*v3*v2^2                         *v1^2+18*v6^2*v3^2*v2^2*v<2*v1^2+-6*v5*v4^2*v3*v2^2*v1^2+18*v6^2*v3^2*v2^2*v1                         ^2+-12*v5^2*v3^2*v2^2*v1^<v1^2+18*v6^2*v3^2*v2^2*v1^2+-12*v5^2*v3^2*v2^2*v1^2                         +-6*v6*v4*v3^2*v2^2*v1^2+<2+-12*v5^2*v3^2*v2^2*v1^2+-6*v6*v4*v3^2*v2^2*v1^2+6                         *v5*v3^3*v2^2*v1^2+-2*v6^<-6*v6*v4*v3^2*v2^2*v1^2+6*v5*v3^3*v2^2*v1^2+-2*v6^3                         *v2^3*v1^2+2*v6*v5^2*v2^3<v5*v3^3*v2^2*v1^2+-2*v6^3*v2^3*v1^2+2*v6*v5^2*v2^3*                         v1^2+2*v6^2*v4*v2^3*v1^2+<v2^3*v1^2+2*v6*v5^2*v2^3*v1^2+2*v6^2*v4*v2^3*v1^2+-                         10*v5^2*v4*v2^3*v1^2+2*v6<1^2+2*v6^2*v4*v2^3*v1^2+-10*v5^2*v4*v2^3*v1^2+2*v6*                         v4^2*v2^3*v1^2+-2*v4^3*v2<0*v5^2*v4*v2^3*v1^2+2*v6*v4^2*v2^3*v1^2+-2*v4^3*v2^                         3*v1^2+8*v6*v5*v3*v2^3*v1<4^2*v2^3*v1^2+-2*v4^3*v2^3*v1^2+8*v6*v5*v3*v2^3*v1^                         2+8*v5*v4*v3*v2^3*v1^2+-1<*v1^2+8*v6*v5*v3*v2^3*v1^2+8*v5*v4*v3*v2^3*v1^2+-10                         *v6*v3^2*v2^3*v1^2+2*v4*v<+8*v5*v4*v3*v2^3*v1^2+-10*v6*v3^2*v2^3*v1^2+2*v4*v3                         ^2*v2^3*v1^2+1*v6^2*v2^4*<v6*v3^2*v2^3*v1^2+2*v4*v3^2*v2^3*v1^2+1*v6^2*v2^4*v                         1^2+2*v5^2*v2^4*v1^2+-2*v<2*v2^3*v1^2+1*v6^2*v2^4*v1^2+2*v5^2*v2^4*v1^2+-2*v6                         *v4*v2^4*v1^2+1*v4^2*v2^4<^2+2*v5^2*v2^4*v1^2+-2*v6*v4*v2^4*v1^2+1*v4^2*v2^4*                         v1^2+-4*v5*v3*v2^4*v1^2+2<v4*v2^4*v1^2+1*v4^2*v2^4*v1^2+-4*v5*v3*v2^4*v1^2+2*                         v3^2*v2^4*v1^2+2*v6^2*v5*<1^2+-4*v5*v3*v2^4*v1^2+2*v3^2*v2^4*v1^2+2*v6^2*v5*v                         4^2*v1^3+-2*v5^3*v4^2*v1^<3^2*v2^4*v1^2+2*v6^2*v5*v4^2*v1^3+-2*v5^3*v4^2*v1^3                         +-2*v5*v4^4*v1^3+-8*v6^3*<^2*v1^3+-2*v5^3*v4^2*v1^3+-2*v5*v4^4*v1^3+-8*v6^3*v                         4*v3*v1^3+16*v6*v5^2*v4*v<-2*v5*v4^4*v1^3+-8*v6^3*v4*v3*v1^3+16*v6*v5^2*v4*v3                         *v1^3+14*v6^2*v4^2*v3*v1^<*v3*v1^3+16*v6*v5^2*v4*v3*v1^3+14*v6^2*v4^2*v3*v1^3                         +-14*v5^2*v4^2*v3*v1^3+-8<v1^3+14*v6^2*v4^2*v3*v1^3+-14*v5^2*v4^2*v3*v1^3+-8*                         v6*v4^3*v3*v1^3+2*v4^4*v3<-14*v5^2*v4^2*v3*v1^3+-8*v6*v4^3*v3*v1^3+2*v4^4*v3*                         v1^3+-20*v6^2*v5*v3^2*v1^<6*v4^3*v3*v1^3+2*v4^4*v3*v1^3+-20*v6^2*v5*v3^2*v1^3                         +28*v6*v5*v4*v3^2*v1^3+-6<1^3+-20*v6^2*v5*v3^2*v1^3+28*v6*v5*v4*v3^2*v1^3+-6*                         v5*v4^2*v3^2*v1^3+-4*v6*v<28*v6*v5*v4*v3^2*v1^3+-6*v5*v4^2*v3^2*v1^3+-4*v6*v4                         *v3^3*v1^3+2*v4^2*v3^3*v1<5*v4^2*v3^2*v1^3+-4*v6*v4*v3^3*v1^3+2*v4^2*v3^3*v1^                         3+-4*v6^2*v5*v4*v2*v1^3+4<v3^3*v1^3+2*v4^2*v3^3*v1^3+-4*v6^2*v5*v4*v2*v1^3+4*                         v5^3*v4*v2*v1^3+-4*v6*v5*<+-4*v6^2*v5*v4*v2*v1^3+4*v5^3*v4*v2*v1^3+-4*v6*v5*v                         4^2*v2*v1^3+8*v5*v4^3*v2*<5^3*v4*v2*v1^3+-4*v6*v5*v4^2*v2*v1^3+8*v5*v4^3*v2*v                         1^3+8*v6^3*v3*v2*v1^3+-16<^2*v2*v1^3+8*v5*v4^3*v2*v1^3+8*v6^3*v3*v2*v1^3+-16*                         v6*v5^2*v3*v2*v1^3+-4*v6^<^3+8*v6^3*v3*v2*v1^3+-16*v6*v5^2*v3*v2*v1^3+-4*v6^2                         *v4*v3*v2*v1^3+12*v5^2*v4<6*v5^2*v3*v2*v1^3+-4*v6^2*v4*v3*v2*v1^3+12*v5^2*v4*                         v3*v2*v1^3+-4*v6*v4^2*v3*<v4*v3*v2*v1^3+12*v5^2*v4*v3*v2*v1^3+-4*v6*v4^2*v3*v                         2*v1^3+12*v6*v5*v3^2*v2*v<3*v2*v1^3+-4*v6*v4^2*v3*v2*v1^3+12*v6*v5*v3^2*v2*v1                         ^3+-16*v5*v4*v3^2*v2*v1^3<*v1^3+12*v6*v5*v3^2*v2*v1^3+-16*v5*v4*v3^2*v2*v1^3+                         4*v6*v3^3*v2*v1^3+2*v6^2*<3+-16*v5*v4*v3^2*v2*v1^3+4*v6*v3^3*v2*v1^3+2*v6^2*v                         5*v2^2*v1^3+-2*v5^3*v2^2*<*v6*v3^3*v2*v1^3+2*v6^2*v5*v2^2*v1^3+-2*v5^3*v2^2*v                         1^3+8*v6*v5*v4*v2^2*v1^3+<*v2^2*v1^3+-2*v5^3*v2^2*v1^3+8*v6*v5*v4*v2^2*v1^3+-                         10*v5*v4^2*v2^2*v1^3+-10*<^3+8*v6*v5*v4*v2^2*v1^3+-10*v5*v4^2*v2^2*v1^3+-10*v                         6^2*v3*v2^2*v1^3+2*v5^2*v<0*v5*v4^2*v2^2*v1^3+-10*v6^2*v3*v2^2*v1^3+2*v5^2*v3                         *v2^2*v1^3+8*v6*v4*v3*v2^<^2*v3*v2^2*v1^3+2*v5^2*v3*v2^2*v1^3+8*v6*v4*v3*v2^2                         *v1^3+2*v4^2*v3*v2^2*v1^3<v2^2*v1^3+8*v6*v4*v3*v2^2*v1^3+2*v4^2*v3*v2^2*v1^3+                         2*v5*v3^2*v2^2*v1^3+-2*v3<v1^3+2*v4^2*v3*v2^2*v1^3+2*v5*v3^2*v2^2*v1^3+-2*v3^                         3*v2^2*v1^3+-4*v6*v5*v2^3<*v5*v3^2*v2^2*v1^3+-2*v3^3*v2^2*v1^3+-4*v6*v5*v2^3*                         v1^3+4*v5*v4*v2^3*v1^3+4*<*v2^2*v1^3+-4*v6*v5*v2^3*v1^3+4*v5*v4*v2^3*v1^3+4*v                         6*v3*v2^3*v1^3+-4*v4*v3*v<1^3+4*v5*v4*v2^3*v1^3+4*v6*v3*v2^3*v1^3+-4*v4*v3*v2                         ^3*v1^3+2*v6^3*v4*v1^4+-4<*v3*v2^3*v1^3+-4*v4*v3*v2^3*v1^3+2*v6^3*v4*v1^4+-4*                         v6*v5^2*v4*v1^4+-4*v6^2*v<3*v1^3+2*v6^3*v4*v1^4+-4*v6*v5^2*v4*v1^4+-4*v6^2*v4                         ^2*v1^4+5*v5^2*v4^2*v1^4+<6*v5^2*v4*v1^4+-4*v6^2*v4^2*v1^4+5*v5^2*v4^2*v1^4+2                         *v6*v4^3*v1^4+10*v6^2*v5*<2*v1^4+5*v5^2*v4^2*v1^4+2*v6*v4^3*v1^4+10*v6^2*v5*v                         3*v1^4+-22*v6*v5*v4*v3*v1<v6*v4^3*v1^4+10*v6^2*v5*v3*v1^4+-22*v6*v5*v4*v3*v1^                         4+10*v5*v4^2*v3*v1^4+5*v6<*v1^4+-22*v6*v5*v4*v3*v1^4+10*v5*v4^2*v3*v1^4+5*v6^                         2*v3^2*v1^4+-4*v6*v4*v3^2<+10*v5*v4^2*v3*v1^4+5*v6^2*v3^2*v1^4+-4*v6*v4*v3^2*                         v1^4+-2*v6^3*v2*v1^4+4*v6<*v3^2*v1^4+-4*v6*v4*v3^2*v1^4+-2*v6^3*v2*v1^4+4*v6*                         v5^2*v2*v1^4+2*v6^2*v4*v2<1^4+-2*v6^3*v2*v1^4+4*v6*v5^2*v2*v1^4+2*v6^2*v4*v2*                         v1^4+-6*v5^2*v4*v2*v1^4+2<5^2*v2*v1^4+2*v6^2*v4*v2*v1^4+-6*v5^2*v4*v2*v1^4+2*                         v6*v4^2*v2*v1^4+-2*v4^3*v<1^4+-6*v5^2*v4*v2*v1^4+2*v6*v4^2*v2*v1^4+-2*v4^3*v2                         *v1^4+2*v6*v5*v3*v2*v1^4+<6*v4^2*v2*v1^4+-2*v4^3*v2*v1^4+2*v6*v5*v3*v2*v1^4+2                         *v5*v4*v3*v2*v1^4+-6*v6*v<v1^4+2*v6*v5*v3*v2*v1^4+2*v5*v4*v3*v2*v1^4+-6*v6*v3                         ^2*v2*v1^4+4*v4*v3^2*v2*v<v5*v4*v3*v2*v1^4+-6*v6*v3^2*v2*v1^4+4*v4*v3^2*v2*v1                         ^4+2*v6^2*v2^2*v1^4+1*v5^<2*v2*v1^4+4*v4*v3^2*v2*v1^4+2*v6^2*v2^2*v1^4+1*v5^2                         *v2^2*v1^4+-4*v6*v4*v2^2*<4+2*v6^2*v2^2*v1^4+1*v5^2*v2^2*v1^4+-4*v6*v4*v2^2*v                         1^4+2*v4^2*v2^2*v1^4+-2*v<v2^2*v1^4+-4*v6*v4*v2^2*v1^4+2*v4^2*v2^2*v1^4+-2*v5                         *v3*v2^2*v1^4+1*v3^2*v2^2<^4+2*v4^2*v2^2*v1^4+-2*v5*v3*v2^2*v1^4+1*v3^2*v2^2*                         v1^4+-2*v6^2*v5*v1^5+6*v6<v3*v2^2*v1^4+1*v3^2*v2^2*v1^4+-2*v6^2*v5*v1^5+6*v6*                         v5*v4*v1^5+-4*v5*v4^2*v1^<1^4+-2*v6^2*v5*v1^5+6*v6*v5*v4*v1^5+-4*v5*v4^2*v1^5                         +-4*v6^2*v3*v1^5+6*v6*v4*<5*v4*v1^5+-4*v5*v4^2*v1^5+-4*v6^2*v3*v1^5+6*v6*v4*v                         3*v1^5+-2*v4^2*v3*v1^5+-2<-4*v6^2*v3*v1^5+6*v6*v4*v3*v1^5+-2*v4^2*v3*v1^5+-2*                         v6*v5*v2*v1^5+2*v5*v4*v2*<*v1^5+-2*v4^2*v3*v1^5+-2*v6*v5*v2*v1^5+2*v5*v4*v2*v                         1^5+2*v6*v3*v2*v1^5+-2*v4<6*v5*v2*v1^5+2*v5*v4*v2*v1^5+2*v6*v3*v2*v1^5+-2*v4*                         v3*v2*v1^5+1*v6^2*v1^6+-2<^5+2*v6*v3*v2*v1^5+-2*v4*v3*v2*v1^5+1*v6^2*v1^6+-2*                         v6*v4*v1^6+1*v4^2*v1^6,13<3*v2*v1^5+1*v6^2*v1^6+-2*v6*v4*v1^6+1*v4^2*v1^6,13+                         -25*v4,13+-25*v2],[v1,v2,<6*v4*v1^6+1*v4^2*v1^6,13+-25*v4,13+-25*v2],[v1,v2,v                         3,v4,v5,v6],revlex)
[62500*v5*v6^2-65000*v5*v6-101875*v6^2+16900*v5+105950*v6-27547,50*v1+63,25*v2-13,25*v3-113,25*v4-13]
1>> 