*** Cannot access default package directory: "packages" ***

!!!!!!!!!!!!!!!!!!!!!!!!!!!!!!!!!!!!!!!!!!!!!!!!!!!!!!
!!!!! WARNING: Standard CoCoA packages not found !!!!!
!!!!!!!!!!!!!!!!!!!!!!!!!!!!!!!!!!!!!!!!!!!!!!!!!!!!!!

   ______      ______      ___         ______
  / ____/___  / ____/___  /   |       / ____/
 / /   / __ `/ /   / __ `/ /| |______/___ `  
/ /___/ /_/ / /___/ /_/ / ___ /_____/___/ /  
`____/`____/`____/`____/_/  |_|    /_____/   
With CoCoALib and external libraries CDD FROBBY GFAN GSL NORMALIZ READLINE 
indent(VersionInfo()); -- for information about this version

# use QQ[v8,v7,v4,v3,v2,v1,v5,v6], DegRevLex;

# GBasis(ideal(77-25*v2,v8^2-1*v6^2-1*v5^2+2*v6*v2-1*v2^2+2*v5*v1-1*v1^2,-93-10<1*v6^2-1*v5^2+2*v6*v2-1*v2^2+2*v5*v1-1*v1^2,-93-100                         *v4,3+2*v1,v7^2-1*v6^2-1*<^2+2*v5*v1-1*v1^2,-93-100*v4,3+2*v1,v7^2-1*v6^2-1*v                         5^2+2*v6*v4-1*v4^2+2*v5*v<v4,3+2*v1,v7^2-1*v6^2-1*v5^2+2*v6*v4-1*v4^2+2*v5*v3                         -1*v3^2,-223-100*v3,625-5<^2+2*v6*v4-1*v4^2+2*v5*v3-1*v3^2,-223-100*v3,625-50                         *v8^2+v8^4-50*v7^2-2*v8^2<1*v3^2,-223-100*v3,625-50*v8^2+v8^4-50*v7^2-2*v8^2*                         v7^2+v7^4));
[2*v1 +3, -25*v2 +77, -100*v3 -223, -100*v4 -93, -2446710000*v7^2 +585460000*v5*v6 +1554720000*v6^2 +1156728800*v5 +7560542000*v6 +8810490687, -2446710000*v8^2 +585460000*v5*v6 +1554720000*v6^2 -2415467800*v5 -12062072200*v6 +23242654293, -2446710000*v5^2 +585460000*v5*v6 -891990000*v6^2 -9755597800*v5 +3009661400*v6 -5472912951]

# 