Welcome to giac readline interface
(c) 2001,2016 B. Parisse & others
Homepage http://www-fourier.ujf-grenoble.fr/~parisse/giac.html
Released under the GPL license 3.0 or above
See http://www.gnu.org for license details
May contain BSD licensed software parts (lapack, atlas, tinymt)
-------------------------------------------------
Press CTRL and D simultaneously to finish session
Type ?commandname for help
0>> gbasis([1*v7*v4+-1*v8*v3+-1*v7*v2+1*v3*v2+1*v8*v1+-1*v4*v1,1*v11*v6+-1*v1<3+-1*v7*v2+1*v3*v2+1*v8*v1+-1*v4*v1,1*v11*v6+-1*v12                         *v5+-1*v11*v2+1*v5*v2+1*v<+-1*v4*v1,1*v11*v6+-1*v12*v5+-1*v11*v2+1*v5*v2+1*v1                         2*v1+-1*v6*v1,1*v13*v8+-1<v5+-1*v11*v2+1*v5*v2+1*v12*v1+-1*v6*v1,1*v13*v8+-1*                         v14*v7+-1*v13*v6+1*v7*v6+<*v1+-1*v6*v1,1*v13*v8+-1*v14*v7+-1*v13*v6+1*v7*v6+1                         *v14*v5+-1*v8*v5,1*v11*v1<14*v7+-1*v13*v6+1*v7*v6+1*v14*v5+-1*v8*v5,1*v11*v10                         +-1*v12*v9+-1*v11*v4+1*v9<v14*v5+-1*v8*v5,1*v11*v10+-1*v12*v9+-1*v11*v4+1*v9*                         v4+1*v12*v3+-1*v10*v3,-1*<-1*v12*v9+-1*v11*v4+1*v9*v4+1*v12*v3+-1*v10*v3,-1*v                         14^2+-1*v13^2+1*v12^2+1*v<4+1*v12*v3+-1*v10*v3,-1*v14^2+-1*v13^2+1*v12^2+1*v1                         1^2+2*v14*v6+-1*v6^2+2*v1<4^2+-1*v13^2+1*v12^2+1*v11^2+2*v14*v6+-1*v6^2+2*v13                         *v5+-1*v5^2+-2*v12*v4+1*v<^2+2*v14*v6+-1*v6^2+2*v13*v5+-1*v5^2+-2*v12*v4+1*v4                         ^2+-2*v11*v3+1*v3^2,-1*v9<v5+-1*v5^2+-2*v12*v4+1*v4^2+-2*v11*v3+1*v3^2,-1*v9*                         v6+1*v10*v5+1*v9*v2+-1*v5<2+-2*v11*v3+1*v3^2,-1*v9*v6+1*v10*v5+1*v9*v2+-1*v5*                         v2+-1*v10*v1+1*v6*v1,-1*v<6+1*v10*v5+1*v9*v2+-1*v5*v2+-1*v10*v1+1*v6*v1,-1*v1                         3*v4+1*v14*v3+1*v13*v2+-1<2+-1*v10*v1+1*v6*v1,-1*v13*v4+1*v14*v3+1*v13*v2+-1*                         v3*v2+-1*v14*v1+1*v4*v1,-<*v4+1*v14*v3+1*v13*v2+-1*v3*v2+-1*v14*v1+1*v4*v1,-2                         *v8*v7*v6^2*v5*v4+2*v7*v6<3*v2+-1*v14*v1+1*v4*v1,-2*v8*v7*v6^2*v5*v4+2*v7*v6^                         3*v5*v4+2*v8^2*v6*v5^2*v4<v8*v7*v6^2*v5*v4+2*v7*v6^3*v5*v4+2*v8^2*v6*v5^2*v4+                         -2*v7^2*v6*v5^2*v4+-2*v8*<*v5*v4+2*v8^2*v6*v5^2*v4+-2*v7^2*v6*v5^2*v4+-2*v8*v                         6^2*v5^2*v4+2*v8*v7*v5^3*<2*v7^2*v6*v5^2*v4+-2*v8*v6^2*v5^2*v4+2*v8*v7*v5^3*v                         4+2*v7*v6*v5^3*v4+-2*v8*v<^2*v5^2*v4+2*v8*v7*v5^3*v4+2*v7*v6*v5^3*v4+-2*v8*v5                         ^4*v4+2*v8*v7*v6*v5*v4^2+<+2*v7*v6*v5^3*v4+-2*v8*v5^4*v4+2*v8*v7*v6*v5*v4^2+-                         2*v7*v6^2*v5*v4^2+-1*v8^2<4*v4+2*v8*v7*v6*v5*v4^2+-2*v7*v6^2*v5*v4^2+-1*v8^2*                         v5^2*v4^2+1*v7^2*v5^2*v4^<*v7*v6^2*v5*v4^2+-1*v8^2*v5^2*v4^2+1*v7^2*v5^2*v4^2                         +1*v6^2*v5^2*v4^2+-2*v7*v<5^2*v4^2+1*v7^2*v5^2*v4^2+1*v6^2*v5^2*v4^2+-2*v7*v5                         ^3*v4^2+1*v5^4*v4^2+2*v8*<1*v6^2*v5^2*v4^2+-2*v7*v5^3*v4^2+1*v5^4*v4^2+2*v8*v                         7*v6^3*v3+-2*v7*v6^4*v3+-<3*v4^2+1*v5^4*v4^2+2*v8*v7*v6^3*v3+-2*v7*v6^4*v3+-2                         *v8^2*v6^2*v5*v3+2*v7^2*v<*v6^3*v3+-2*v7*v6^4*v3+-2*v8^2*v6^2*v5*v3+2*v7^2*v6                         ^2*v5*v3+2*v8*v6^3*v5*v3+<v8^2*v6^2*v5*v3+2*v7^2*v6^2*v5*v3+2*v8*v6^3*v5*v3+-                         2*v8*v7*v6*v5^2*v3+-2*v7*<2*v5*v3+2*v8*v6^3*v5*v3+-2*v8*v7*v6*v5^2*v3+-2*v7*v                         6^2*v5^2*v3+2*v8*v6*v5^3*<*v8*v7*v6*v5^2*v3+-2*v7*v6^2*v5^2*v3+2*v8*v6*v5^3*v                         3+-2*v8*v7*v6^2*v4*v3+2*v<^2*v5^2*v3+2*v8*v6*v5^3*v3+-2*v8*v7*v6^2*v4*v3+2*v7                         *v6^3*v4*v3+2*v8*v6^2*v5*<+-2*v8*v7*v6^2*v4*v3+2*v7*v6^3*v4*v3+2*v8*v6^2*v5*v                         4*v3+-2*v6^3*v5*v4*v3+-2*<v6^3*v4*v3+2*v8*v6^2*v5*v4*v3+-2*v6^3*v5*v4*v3+-2*v                         8*v7*v5^2*v4*v3+2*v7*v6*v<*v3+-2*v6^3*v5*v4*v3+-2*v8*v7*v5^2*v4*v3+2*v7*v6*v5                         ^2*v4*v3+2*v8*v5^3*v4*v3+<*v7*v5^2*v4*v3+2*v7*v6*v5^2*v4*v3+2*v8*v5^3*v4*v3+-                         2*v6*v5^3*v4*v3+1*v8^2*v6<2*v4*v3+2*v8*v5^3*v4*v3+-2*v6*v5^3*v4*v3+1*v8^2*v6^                         2*v3^2+-1*v7^2*v6^2*v3^2+<*v6*v5^3*v4*v3+1*v8^2*v6^2*v3^2+-1*v7^2*v6^2*v3^2+-                         2*v8*v6^3*v3^2+1*v6^4*v3^<*v3^2+-1*v7^2*v6^2*v3^2+-2*v8*v6^3*v3^2+1*v6^4*v3^2                         +2*v8*v7*v6*v5*v3^2+-2*v8<*v8*v6^3*v3^2+1*v6^4*v3^2+2*v8*v7*v6*v5*v3^2+-2*v8*                         v6*v5^2*v3^2+1*v6^2*v5^2*<2*v8*v7*v6*v5*v3^2+-2*v8*v6*v5^2*v3^2+1*v6^2*v5^2*v                         3^2+2*v8*v7*v6^2*v5*v2+-2<6*v5^2*v3^2+1*v6^2*v5^2*v3^2+2*v8*v7*v6^2*v5*v2+-2*                         v7*v6^3*v5*v2+-2*v8^2*v6*<^2+2*v8*v7*v6^2*v5*v2+-2*v7*v6^3*v5*v2+-2*v8^2*v6*v                         5^2*v2+2*v7^2*v6*v5^2*v2+<7*v6^3*v5*v2+-2*v8^2*v6*v5^2*v2+2*v7^2*v6*v5^2*v2+2                         *v8*v6^2*v5^2*v2+-2*v8*v7<^2*v2+2*v7^2*v6*v5^2*v2+2*v8*v6^2*v5^2*v2+-2*v8*v7*                         v5^3*v2+-2*v7*v6*v5^3*v2+<v8*v6^2*v5^2*v2+-2*v8*v7*v5^3*v2+-2*v7*v6*v5^3*v2+2                         *v8*v5^4*v2+-2*v8*v7*v5*v<5^3*v2+-2*v7*v6*v5^3*v2+2*v8*v5^4*v2+-2*v8*v7*v5*v4                         ^2*v2+2*v7*v6*v5*v4^2*v2+<v8*v5^4*v2+-2*v8*v7*v5*v4^2*v2+2*v7*v6*v5*v4^2*v2+2                         *v8*v5^2*v4^2*v2+-2*v6*v5<2*v2+2*v7*v6*v5*v4^2*v2+2*v8*v5^2*v4^2*v2+-2*v6*v5^                         2*v4^2*v2+-4*v8*v7*v6^2*v<v8*v5^2*v4^2*v2+-2*v6*v5^2*v4^2*v2+-4*v8*v7*v6^2*v3                         *v2+4*v7*v6^3*v3*v2+4*v8^<*v4^2*v2+-4*v8*v7*v6^2*v3*v2+4*v7*v6^3*v3*v2+4*v8^2                         *v6*v5*v3*v2+-4*v7^2*v6*v<v2+4*v7*v6^3*v3*v2+4*v8^2*v6*v5*v3*v2+-4*v7^2*v6*v5                         *v3*v2+-4*v8*v6^2*v5*v3*v<v6*v5*v3*v2+-4*v7^2*v6*v5*v3*v2+-4*v8*v6^2*v5*v3*v2                         +4*v8*v7*v5^2*v3*v2+4*v7*<v3*v2+-4*v8*v6^2*v5*v3*v2+4*v8*v7*v5^2*v3*v2+4*v7*v                         6*v5^2*v3*v2+-4*v8*v5^3*v<4*v8*v7*v5^2*v3*v2+4*v7*v6*v5^2*v3*v2+-4*v8*v5^3*v3                         *v2+4*v8*v7*v6*v4*v3*v2+-<*v5^2*v3*v2+-4*v8*v5^3*v3*v2+4*v8*v7*v6*v4*v3*v2+-4                         *v7*v6^2*v4*v3*v2+-4*v8*v<v2+4*v8*v7*v6*v4*v3*v2+-4*v7*v6^2*v4*v3*v2+-4*v8*v6                         *v5*v4*v3*v2+4*v6^2*v5*v4<v7*v6^2*v4*v3*v2+-4*v8*v6*v5*v4*v3*v2+4*v6^2*v5*v4*                         v3*v2+-2*v8^2*v6*v3^2*v2+<v5*v4*v3*v2+4*v6^2*v5*v4*v3*v2+-2*v8^2*v6*v3^2*v2+2                         *v7^2*v6*v3^2*v2+4*v8*v6^<3*v2+-2*v8^2*v6*v3^2*v2+2*v7^2*v6*v3^2*v2+4*v8*v6^2                         *v3^2*v2+-2*v6^3*v3^2*v2+<v7^2*v6*v3^2*v2+4*v8*v6^2*v3^2*v2+-2*v6^3*v3^2*v2+-                         2*v8*v7*v5*v3^2*v2+-2*v7*<v3^2*v2+-2*v6^3*v3^2*v2+-2*v8*v7*v5*v3^2*v2+-2*v7*v                         6*v5*v3^2*v2+2*v8*v5^2*v3<*v8*v7*v5*v3^2*v2+-2*v7*v6*v5*v3^2*v2+2*v8*v5^2*v3^                         2*v2+-2*v8*v7*v6*v5*v2^2+<*v5*v3^2*v2+2*v8*v5^2*v3^2*v2+-2*v8*v7*v6*v5*v2^2+2                         *v7*v6^2*v5*v2^2+1*v8^2*v<*v2+-2*v8*v7*v6*v5*v2^2+2*v7*v6^2*v5*v2^2+1*v8^2*v5                         ^2*v2^2+-1*v7^2*v5^2*v2^2<v7*v6^2*v5*v2^2+1*v8^2*v5^2*v2^2+-1*v7^2*v5^2*v2^2+                         -1*v6^2*v5^2*v2^2+2*v7*v5<2*v2^2+-1*v7^2*v5^2*v2^2+-1*v6^2*v5^2*v2^2+2*v7*v5^                         3*v2^2+-1*v5^4*v2^2+2*v8*<1*v6^2*v5^2*v2^2+2*v7*v5^3*v2^2+-1*v5^4*v2^2+2*v8*v                         7*v5*v4*v2^2+-2*v7*v6*v5*<*v2^2+-1*v5^4*v2^2+2*v8*v7*v5*v4*v2^2+-2*v7*v6*v5*v                         4*v2^2+-2*v8*v5^2*v4*v2^2<*v5*v4*v2^2+-2*v7*v6*v5*v4*v2^2+-2*v8*v5^2*v4*v2^2+                         2*v6*v5^2*v4*v2^2+2*v8*v7<*v2^2+-2*v8*v5^2*v4*v2^2+2*v6*v5^2*v4*v2^2+2*v8*v7*                         v6*v3*v2^2+-2*v7*v6^2*v3*<*v6*v5^2*v4*v2^2+2*v8*v7*v6*v3*v2^2+-2*v7*v6^2*v3*v                         2^2+-2*v8^2*v5*v3*v2^2+2*<6*v3*v2^2+-2*v7*v6^2*v3*v2^2+-2*v8^2*v5*v3*v2^2+2*v                         7^2*v5*v3*v2^2+2*v8*v6*v5<^2+-2*v8^2*v5*v3*v2^2+2*v7^2*v5*v3*v2^2+2*v8*v6*v5*                         v3*v2^2+-4*v7*v5^2*v3*v2^<^2*v5*v3*v2^2+2*v8*v6*v5*v3*v2^2+-4*v7*v5^2*v3*v2^2                         +2*v5^3*v3*v2^2+-2*v8*v7*<3*v2^2+-4*v7*v5^2*v3*v2^2+2*v5^3*v3*v2^2+-2*v8*v7*v                         4*v3*v2^2+2*v7*v6*v4*v3*v<2*v5^3*v3*v2^2+-2*v8*v7*v4*v3*v2^2+2*v7*v6*v4*v3*v2                         ^2+2*v8*v5*v4*v3*v2^2+-2*<*v3*v2^2+2*v7*v6*v4*v3*v2^2+2*v8*v5*v4*v3*v2^2+-2*v                         6*v5*v4*v3*v2^2+1*v8^2*v3<2+2*v8*v5*v4*v3*v2^2+-2*v6*v5*v4*v3*v2^2+1*v8^2*v3^                         2*v2^2+-1*v7^2*v3^2*v2^2+<*v5*v4*v3*v2^2+1*v8^2*v3^2*v2^2+-1*v7^2*v3^2*v2^2+-                         2*v8*v6*v3^2*v2^2+1*v6^2*<*v2^2+-1*v7^2*v3^2*v2^2+-2*v8*v6*v3^2*v2^2+1*v6^2*v                         3^2*v2^2+2*v7*v5*v3^2*v2^<*v8*v6*v3^2*v2^2+1*v6^2*v3^2*v2^2+2*v7*v5*v3^2*v2^2                         +-1*v5^2*v3^2*v2^2+-2*v8*<^2*v2^2+2*v7*v5*v3^2*v2^2+-1*v5^2*v3^2*v2^2+-2*v8*v                         7*v6^3*v1+2*v7*v6^4*v1+2*<-1*v5^2*v3^2*v2^2+-2*v8*v7*v6^3*v1+2*v7*v6^4*v1+2*v                         8^2*v6^2*v5*v1+-2*v7^2*v6<*v6^3*v1+2*v7*v6^4*v1+2*v8^2*v6^2*v5*v1+-2*v7^2*v6^                         2*v5*v1+-2*v8*v6^3*v5*v1+<^2*v6^2*v5*v1+-2*v7^2*v6^2*v5*v1+-2*v8*v6^3*v5*v1+2                         *v8*v7*v6*v5^2*v1+2*v7*v6<*v5*v1+-2*v8*v6^3*v5*v1+2*v8*v7*v6*v5^2*v1+2*v7*v6^                         2*v5^2*v1+-2*v8*v6*v5^3*v<v8*v7*v6*v5^2*v1+2*v7*v6^2*v5^2*v1+-2*v8*v6*v5^3*v1                         +4*v8*v7*v6^2*v4*v1+-4*v7<*v5^2*v1+-2*v8*v6*v5^3*v1+4*v8*v7*v6^2*v4*v1+-4*v7*                         v6^3*v4*v1+-4*v8^2*v6*v5*<4*v8*v7*v6^2*v4*v1+-4*v7*v6^3*v4*v1+-4*v8^2*v6*v5*v                         4*v1+4*v7^2*v6*v5*v4*v1+4<6^3*v4*v1+-4*v8^2*v6*v5*v4*v1+4*v7^2*v6*v5*v4*v1+4*                         v8*v6^2*v5*v4*v1+-4*v8*v7<*v1+4*v7^2*v6*v5*v4*v1+4*v8*v6^2*v5*v4*v1+-4*v8*v7*                         v5^2*v4*v1+-4*v7*v6*v5^2*<8*v6^2*v5*v4*v1+-4*v8*v7*v5^2*v4*v1+-4*v7*v6*v5^2*v                         4*v1+4*v8*v5^3*v4*v1+-2*v<5^2*v4*v1+-4*v7*v6*v5^2*v4*v1+4*v8*v5^3*v4*v1+-2*v8                         *v7*v6*v4^2*v1+2*v7*v6^2*<*v1+4*v8*v5^3*v4*v1+-2*v8*v7*v6*v4^2*v1+2*v7*v6^2*v                         4^2*v1+2*v8^2*v5*v4^2*v1+<v7*v6*v4^2*v1+2*v7*v6^2*v4^2*v1+2*v8^2*v5*v4^2*v1+-                         2*v7^2*v5*v4^2*v1+-2*v8*v<^2*v1+2*v8^2*v5*v4^2*v1+-2*v7^2*v5*v4^2*v1+-2*v8*v6                         *v5*v4^2*v1+4*v7*v5^2*v4^<*v7^2*v5*v4^2*v1+-2*v8*v6*v5*v4^2*v1+4*v7*v5^2*v4^2                         *v1+-2*v5^3*v4^2*v1+4*v8*<v5*v4^2*v1+4*v7*v5^2*v4^2*v1+-2*v5^3*v4^2*v1+4*v8*v                         7*v5*v4*v3*v1+-4*v7*v6*v5<v1+-2*v5^3*v4^2*v1+4*v8*v7*v5*v4*v3*v1+-4*v7*v6*v5*                         v4*v3*v1+-4*v8*v5^2*v4*v3<*v5*v4*v3*v1+-4*v7*v6*v5*v4*v3*v1+-4*v8*v5^2*v4*v3*                         v1+4*v6*v5^2*v4*v3*v1+-2*<4*v3*v1+-4*v8*v5^2*v4*v3*v1+4*v6*v5^2*v4*v3*v1+-2*v                         8*v7*v6*v3^2*v1+2*v7*v6^2<1+4*v6*v5^2*v4*v3*v1+-2*v8*v7*v6*v3^2*v1+2*v7*v6^2*                         v3^2*v1+2*v8*v6*v5*v3^2*v<*v7*v6*v3^2*v1+2*v7*v6^2*v3^2*v1+2*v8*v6*v5*v3^2*v1                         +-2*v6^2*v5*v3^2*v1+2*v8*<3^2*v1+2*v8*v6*v5*v3^2*v1+-2*v6^2*v5*v3^2*v1+2*v8*v                         7*v6^2*v2*v1+-2*v7*v6^3*v<-2*v6^2*v5*v3^2*v1+2*v8*v7*v6^2*v2*v1+-2*v7*v6^3*v2                         *v1+-2*v8*v6^2*v5*v2*v1+2<*v6^2*v2*v1+-2*v7*v6^3*v2*v1+-2*v8*v6^2*v5*v2*v1+2*                         v6^3*v5*v2*v1+2*v8*v7*v5^<v1+-2*v8*v6^2*v5*v2*v1+2*v6^3*v5*v2*v1+2*v8*v7*v5^2                         *v2*v1+-2*v7*v6*v5^2*v2*v<6^3*v5*v2*v1+2*v8*v7*v5^2*v2*v1+-2*v7*v6*v5^2*v2*v1                         +-2*v8*v5^3*v2*v1+2*v6*v5<v2*v1+-2*v7*v6*v5^2*v2*v1+-2*v8*v5^3*v2*v1+2*v6*v5^                         3*v2*v1+-4*v8*v7*v6*v4*v2<-2*v8*v5^3*v2*v1+2*v6*v5^3*v2*v1+-4*v8*v7*v6*v4*v2*                         v1+4*v7*v6^2*v4*v2*v1+4*v<*v2*v1+-4*v8*v7*v6*v4*v2*v1+4*v7*v6^2*v4*v2*v1+4*v8                         *v6*v5*v4*v2*v1+-4*v6^2*v<1+4*v7*v6^2*v4*v2*v1+4*v8*v6*v5*v4*v2*v1+-4*v6^2*v5                         *v4*v2*v1+2*v8*v7*v4^2*v2<v6*v5*v4*v2*v1+-4*v6^2*v5*v4*v2*v1+2*v8*v7*v4^2*v2*                         v1+-2*v7*v6*v4^2*v2*v1+-2<v4*v2*v1+2*v8*v7*v4^2*v2*v1+-2*v7*v6*v4^2*v2*v1+-2*                         v8*v5*v4^2*v2*v1+2*v6*v5*<1+-2*v7*v6*v4^2*v2*v1+-2*v8*v5*v4^2*v2*v1+2*v6*v5*v                         4^2*v2*v1+-4*v8*v7*v5*v3*<8*v5*v4^2*v2*v1+2*v6*v5*v4^2*v2*v1+-4*v8*v7*v5*v3*v                         2*v1+4*v7*v6*v5*v3*v2*v1+<^2*v2*v1+-4*v8*v7*v5*v3*v2*v1+4*v7*v6*v5*v3*v2*v1+4                         *v8*v5^2*v3*v2*v1+-4*v6*v<*v1+4*v7*v6*v5*v3*v2*v1+4*v8*v5^2*v3*v2*v1+-4*v6*v5                         ^2*v3*v2*v1+2*v8*v7*v3^2*<v8*v5^2*v3*v2*v1+-4*v6*v5^2*v3*v2*v1+2*v8*v7*v3^2*v                         2*v1+-2*v7*v6*v3^2*v2*v1+<2*v3*v2*v1+2*v8*v7*v3^2*v2*v1+-2*v7*v6*v3^2*v2*v1+-                         2*v8*v5*v3^2*v2*v1+2*v6*v<*v1+-2*v7*v6*v3^2*v2*v1+-2*v8*v5*v3^2*v2*v1+2*v6*v5                         *v3^2*v2*v1+-1*v8^2*v6^2*<*v8*v5*v3^2*v2*v1+2*v6*v5*v3^2*v2*v1+-1*v8^2*v6^2*v                         1^2+1*v7^2*v6^2*v1^2+2*v8<v3^2*v2*v1+-1*v8^2*v6^2*v1^2+1*v7^2*v6^2*v1^2+2*v8*                         v6^3*v1^2+-1*v6^4*v1^2+-2<^2+1*v7^2*v6^2*v1^2+2*v8*v6^3*v1^2+-1*v6^4*v1^2+-2*                         v8*v7*v6*v5*v1^2+2*v8*v6*<6^3*v1^2+-1*v6^4*v1^2+-2*v8*v7*v6*v5*v1^2+2*v8*v6*v                         5^2*v1^2+-1*v6^2*v5^2*v1^<8*v7*v6*v5*v1^2+2*v8*v6*v5^2*v1^2+-1*v6^2*v5^2*v1^2                         +2*v8^2*v6*v4*v1^2+-2*v7^<^2*v1^2+-1*v6^2*v5^2*v1^2+2*v8^2*v6*v4*v1^2+-2*v7^2                         *v6*v4*v1^2+-4*v8*v6^2*v4<2*v8^2*v6*v4*v1^2+-2*v7^2*v6*v4*v1^2+-4*v8*v6^2*v4*                         v1^2+2*v6^3*v4*v1^2+2*v8*<v6*v4*v1^2+-4*v8*v6^2*v4*v1^2+2*v6^3*v4*v1^2+2*v8*v                         7*v5*v4*v1^2+2*v7*v6*v5*v<1^2+2*v6^3*v4*v1^2+2*v8*v7*v5*v4*v1^2+2*v7*v6*v5*v4                         *v1^2+-2*v8*v5^2*v4*v1^2+<*v5*v4*v1^2+2*v7*v6*v5*v4*v1^2+-2*v8*v5^2*v4*v1^2+-                         1*v8^2*v4^2*v1^2+1*v7^2*v<v1^2+-2*v8*v5^2*v4*v1^2+-1*v8^2*v4^2*v1^2+1*v7^2*v4                         ^2*v1^2+2*v8*v6*v4^2*v1^2<*v8^2*v4^2*v1^2+1*v7^2*v4^2*v1^2+2*v8*v6*v4^2*v1^2+                         -1*v6^2*v4^2*v1^2+-2*v7*v<2*v1^2+2*v8*v6*v4^2*v1^2+-1*v6^2*v4^2*v1^2+-2*v7*v5                         *v4^2*v1^2+1*v5^2*v4^2*v1<1*v6^2*v4^2*v1^2+-2*v7*v5*v4^2*v1^2+1*v5^2*v4^2*v1^                         2+2*v8*v7*v6*v3*v1^2+-2*v<v4^2*v1^2+1*v5^2*v4^2*v1^2+2*v8*v7*v6*v3*v1^2+-2*v7                         *v6^2*v3*v1^2+-2*v8*v6*v5<+2*v8*v7*v6*v3*v1^2+-2*v7*v6^2*v3*v1^2+-2*v8*v6*v5*                         v3*v1^2+2*v6^2*v5*v3*v1^2<v6^2*v3*v1^2+-2*v8*v6*v5*v3*v1^2+2*v6^2*v5*v3*v1^2+                         -2*v8*v7*v4*v3*v1^2+2*v7*<3*v1^2+2*v6^2*v5*v3*v1^2+-2*v8*v7*v4*v3*v1^2+2*v7*v                         6*v4*v3*v1^2+2*v8*v5*v4*v<2*v8*v7*v4*v3*v1^2+2*v7*v6*v4*v3*v1^2+2*v8*v5*v4*v3                         *v1^2+-2*v6*v5*v4*v3*v1^2<*v4*v3*v1^2+2*v8*v5*v4*v3*v1^2+-2*v6*v5*v4*v3*v1^2,                         2*v10*v9*v6*v5*v4^2+-1*v1<v1^2+-2*v6*v5*v4*v3*v1^2,2*v10*v9*v6*v5*v4^2+-1*v10                         ^2*v5^2*v4^2+1*v9^2*v5^2*<*v10*v9*v6*v5*v4^2+-1*v10^2*v5^2*v4^2+1*v9^2*v5^2*v                         4^2+-2*v10*v9*v5*v4^3+-2*<2*v5^2*v4^2+1*v9^2*v5^2*v4^2+-2*v10*v9*v5*v4^3+-2*v                         9*v6*v5*v4^3+2*v10*v5^2*v<^2+-2*v10*v9*v5*v4^3+-2*v9*v6*v5*v4^3+2*v10*v5^2*v4                         ^3+2*v9*v5*v4^4+-1*v5^2*v<*v6*v5*v4^3+2*v10*v5^2*v4^3+2*v9*v5*v4^4+-1*v5^2*v4                         ^4+-2*v10*v9*v6^2*v4*v3+-<3+2*v9*v5*v4^4+-1*v5^2*v4^4+-2*v10*v9*v6^2*v4*v3+-2                         *v10*v9*v5^2*v4*v3+2*v10*<4+-2*v10*v9*v6^2*v4*v3+-2*v10*v9*v5^2*v4*v3+2*v10*v                         9*v6*v4^2*v3+2*v9*v6^2*v4<v10*v9*v5^2*v4*v3+2*v10*v9*v6*v4^2*v3+2*v9*v6^2*v4^                         2*v3+2*v10^2*v5*v4^2*v3+-<*v6*v4^2*v3+2*v9*v6^2*v4^2*v3+2*v10^2*v5*v4^2*v3+-2                         *v9^2*v5*v4^2*v3+-2*v10*v<*v3+2*v10^2*v5*v4^2*v3+-2*v9^2*v5*v4^2*v3+-2*v10*v6                         *v5*v4^2*v3+-2*v9*v6*v4^3<v9^2*v5*v4^2*v3+-2*v10*v6*v5*v4^2*v3+-2*v9*v6*v4^3*                         v3+-2*v10*v5*v4^3*v3+2*v6<v5*v4^2*v3+-2*v9*v6*v4^3*v3+-2*v10*v5*v4^3*v3+2*v6*                         v5*v4^3*v3+1*v10^2*v6^2*v<3+-2*v10*v5*v4^3*v3+2*v6*v5*v4^3*v3+1*v10^2*v6^2*v3                         ^2+-1*v9^2*v6^2*v3^2+2*v1<5*v4^3*v3+1*v10^2*v6^2*v3^2+-1*v9^2*v6^2*v3^2+2*v10                         *v9*v6*v5*v3^2+-2*v10^2*v<2+-1*v9^2*v6^2*v3^2+2*v10*v9*v6*v5*v3^2+-2*v10^2*v6                         *v4*v3^2+2*v9^2*v6*v4*v3^<v9*v6*v5*v3^2+-2*v10^2*v6*v4*v3^2+2*v9^2*v6*v4*v3^2                         +2*v10*v9*v5*v4*v3^2+-2*v<v4*v3^2+2*v9^2*v6*v4*v3^2+2*v10*v9*v5*v4*v3^2+-2*v9                         *v6*v5*v4*v3^2+2*v10*v5^2<2*v10*v9*v5*v4*v3^2+-2*v9*v6*v5*v4*v3^2+2*v10*v5^2*                         v4*v3^2+2*v10*v6*v4^2*v3^<v6*v5*v4*v3^2+2*v10*v5^2*v4*v3^2+2*v10*v6*v4^2*v3^2                         +-1*v6^2*v4^2*v3^2+2*v9*v<4*v3^2+2*v10*v6*v4^2*v3^2+-1*v6^2*v4^2*v3^2+2*v9*v5                         *v4^2*v3^2+-1*v5^2*v4^2*v<-1*v6^2*v4^2*v3^2+2*v9*v5*v4^2*v3^2+-1*v5^2*v4^2*v3                         ^2+-2*v10*v9*v6*v3^3+2*v9<v4^2*v3^2+-1*v5^2*v4^2*v3^2+-2*v10*v9*v6*v3^3+2*v9*                         v6^2*v3^3+-2*v10*v6*v5*v3<2+-2*v10*v9*v6*v3^3+2*v9*v6^2*v3^3+-2*v10*v6*v5*v3^                         3+-2*v9*v6*v4*v3^3+-2*v10<6^2*v3^3+-2*v10*v6*v5*v3^3+-2*v9*v6*v4*v3^3+-2*v10*                         v5*v4*v3^3+2*v6*v5*v4*v3^<+-2*v9*v6*v4*v3^3+-2*v10*v5*v4*v3^3+2*v6*v5*v4*v3^3                         +2*v10*v6*v3^4+-1*v6^2*v3<5*v4*v3^3+2*v6*v5*v4*v3^3+2*v10*v6*v3^4+-1*v6^2*v3^                         4+-4*v10*v9*v6*v5*v4*v2+2<2*v10*v6*v3^4+-1*v6^2*v3^4+-4*v10*v9*v6*v5*v4*v2+2*                         v10^2*v5^2*v4*v2+-2*v9^2*<+-4*v10*v9*v6*v5*v4*v2+2*v10^2*v5^2*v4*v2+-2*v9^2*v                         5^2*v4*v2+4*v10*v9*v5*v4^<10^2*v5^2*v4*v2+-2*v9^2*v5^2*v4*v2+4*v10*v9*v5*v4^2                         *v2+4*v9*v6*v5*v4^2*v2+-4<^2*v4*v2+4*v10*v9*v5*v4^2*v2+4*v9*v6*v5*v4^2*v2+-4*                         v10*v5^2*v4^2*v2+-4*v9*v5<v2+4*v9*v6*v5*v4^2*v2+-4*v10*v5^2*v4^2*v2+-4*v9*v5*                         v4^3*v2+2*v5^2*v4^3*v2+2*<10*v5^2*v4^2*v2+-4*v9*v5*v4^3*v2+2*v5^2*v4^3*v2+2*v                         10*v9*v6^2*v3*v2+2*v10*v9<4^3*v2+2*v5^2*v4^3*v2+2*v10*v9*v6^2*v3*v2+2*v10*v9*                         v5^2*v3*v2+-2*v9*v6^2*v4*<0*v9*v6^2*v3*v2+2*v10*v9*v5^2*v3*v2+-2*v9*v6^2*v4*v                         3*v2+-4*v10^2*v5*v4*v3*v2<5^2*v3*v2+-2*v9*v6^2*v4*v3*v2+-4*v10^2*v5*v4*v3*v2+                         4*v9^2*v5*v4*v3*v2+4*v10*<*v2+-4*v10^2*v5*v4*v3*v2+4*v9^2*v5*v4*v3*v2+4*v10*v                         6*v5*v4*v3*v2+2*v9*v5^2*v<*v9^2*v5*v4*v3*v2+4*v10*v6*v5*v4*v3*v2+2*v9*v5^2*v4                         *v3*v2+-2*v10*v9*v4^2*v3*<*v5*v4*v3*v2+2*v9*v5^2*v4*v3*v2+-2*v10*v9*v4^2*v3*v                         2+4*v10*v5*v4^2*v3*v2+-4*<v3*v2+-2*v10*v9*v4^2*v3*v2+4*v10*v5*v4^2*v3*v2+-4*v                         6*v5*v4^2*v3*v2+2*v9*v4^3<+4*v10*v5*v4^2*v3*v2+-4*v6*v5*v4^2*v3*v2+2*v9*v4^3*                         v3*v2+-2*v10*v6^2*v3^2*v2<*v5*v4^2*v3*v2+2*v9*v4^3*v3*v2+-2*v10*v6^2*v3^2*v2+                         -4*v10*v9*v5*v3^2*v2+-2*v<3*v2+-2*v10*v6^2*v3^2*v2+-4*v10*v9*v5*v3^2*v2+-2*v1                         0*v5^2*v3^2*v2+2*v10^2*v4<4*v10*v9*v5*v3^2*v2+-2*v10*v5^2*v3^2*v2+2*v10^2*v4*                         v3^2*v2+-2*v9^2*v4*v3^2*v<*v5^2*v3^2*v2+2*v10^2*v4*v3^2*v2+-2*v9^2*v4*v3^2*v2                         +2*v6^2*v4*v3^2*v2+-4*v9*<3^2*v2+-2*v9^2*v4*v3^2*v2+2*v6^2*v4*v3^2*v2+-4*v9*v                         5*v4*v3^2*v2+-2*v10*v4^2*<2*v6^2*v4*v3^2*v2+-4*v9*v5*v4*v3^2*v2+-2*v10*v4^2*v                         3^2*v2+2*v10*v9*v3^3*v2+4<*v4*v3^2*v2+-2*v10*v4^2*v3^2*v2+2*v10*v9*v3^3*v2+4*                         v10*v5*v3^3*v2+2*v9*v4*v3<^2*v2+2*v10*v9*v3^3*v2+4*v10*v5*v3^3*v2+2*v9*v4*v3^                         3*v2+-2*v10*v3^4*v2+2*v10<10*v5*v3^3*v2+2*v9*v4*v3^3*v2+-2*v10*v3^4*v2+2*v10*                         v9*v6*v5*v2^2+-1*v10^2*v5<*v2+-2*v10*v3^4*v2+2*v10*v9*v6*v5*v2^2+-1*v10^2*v5^                         2*v2^2+1*v9^2*v5^2*v2^2+-<9*v6*v5*v2^2+-1*v10^2*v5^2*v2^2+1*v9^2*v5^2*v2^2+-2                         *v10*v9*v5*v4*v2^2+-2*v9*<*v2^2+1*v9^2*v5^2*v2^2+-2*v10*v9*v5*v4*v2^2+-2*v9*v                         6*v5*v4*v2^2+2*v10*v5^2*v<v10*v9*v5*v4*v2^2+-2*v9*v6*v5*v4*v2^2+2*v10*v5^2*v4                         *v2^2+2*v9*v5*v4^2*v2^2+-<*v5*v4*v2^2+2*v10*v5^2*v4*v2^2+2*v9*v5*v4^2*v2^2+-1                         *v5^2*v4^2*v2^2+-2*v10*v9<v2^2+2*v9*v5*v4^2*v2^2+-1*v5^2*v4^2*v2^2+-2*v10*v9*                         v6*v3*v2^2+2*v10^2*v5*v3*<v5^2*v4^2*v2^2+-2*v10*v9*v6*v3*v2^2+2*v10^2*v5*v3*v                         2^2+-2*v9^2*v5*v3*v2^2+-2<6*v3*v2^2+2*v10^2*v5*v3*v2^2+-2*v9^2*v5*v3*v2^2+-2*                         v10*v6*v5*v3*v2^2+-2*v9*v<^2+-2*v9^2*v5*v3*v2^2+-2*v10*v6*v5*v3*v2^2+-2*v9*v5                         ^2*v3*v2^2+2*v10*v9*v4*v3<10*v6*v5*v3*v2^2+-2*v9*v5^2*v3*v2^2+2*v10*v9*v4*v3*                         v2^2+2*v9*v6*v4*v3*v2^2+-<2*v3*v2^2+2*v10*v9*v4*v3*v2^2+2*v9*v6*v4*v3*v2^2+-2                         *v10*v5*v4*v3*v2^2+2*v6*v<2^2+2*v9*v6*v4*v3*v2^2+-2*v10*v5*v4*v3*v2^2+2*v6*v5                         *v4*v3*v2^2+-2*v9*v4^2*v3<v10*v5*v4*v3*v2^2+2*v6*v5*v4*v3*v2^2+-2*v9*v4^2*v3*                         v2^2+-1*v10^2*v3^2*v2^2+1<v4*v3*v2^2+-2*v9*v4^2*v3*v2^2+-1*v10^2*v3^2*v2^2+1*                         v9^2*v3^2*v2^2+2*v10*v6*v<2^2+-1*v10^2*v3^2*v2^2+1*v9^2*v3^2*v2^2+2*v10*v6*v3                         ^2*v2^2+4*v9*v5*v3^2*v2^2<9^2*v3^2*v2^2+2*v10*v6*v3^2*v2^2+4*v9*v5*v3^2*v2^2+                         1*v5^2*v3^2*v2^2+-2*v6*v4<2*v2^2+4*v9*v5*v3^2*v2^2+1*v5^2*v3^2*v2^2+-2*v6*v4*                         v3^2*v2^2+1*v4^2*v3^2*v2^<*v5^2*v3^2*v2^2+-2*v6*v4*v3^2*v2^2+1*v4^2*v3^2*v2^2                         +-2*v9*v3^3*v2^2+-2*v5*v3<3^2*v2^2+1*v4^2*v3^2*v2^2+-2*v9*v3^3*v2^2+-2*v5*v3^                         3*v2^2+1*v3^4*v2^2+2*v10*<-2*v9*v3^3*v2^2+-2*v5*v3^3*v2^2+1*v3^4*v2^2+2*v10*v                         9*v6^2*v4*v1+2*v10*v9*v5^<*v2^2+1*v3^4*v2^2+2*v10*v9*v6^2*v4*v1+2*v10*v9*v5^2                         *v4*v1+-4*v10*v9*v6*v4^2*<*v6^2*v4*v1+2*v10*v9*v5^2*v4*v1+-4*v10*v9*v6*v4^2*v                         1+-2*v9*v6^2*v4^2*v1+-2*v<v4*v1+-4*v10*v9*v6*v4^2*v1+-2*v9*v6^2*v4^2*v1+-2*v9                         *v5^2*v4^2*v1+2*v10*v9*v4<+-2*v9*v6^2*v4^2*v1+-2*v9*v5^2*v4^2*v1+2*v10*v9*v4^                         3*v1+4*v9*v6*v4^3*v1+-2*v<v5^2*v4^2*v1+2*v10*v9*v4^3*v1+4*v9*v6*v4^3*v1+-2*v9                         *v4^4*v1+-2*v10^2*v6^2*v3<*v1+4*v9*v6*v4^3*v1+-2*v9*v4^4*v1+-2*v10^2*v6^2*v3*                         v1+2*v9^2*v6^2*v3*v1+-4*v<v4^4*v1+-2*v10^2*v6^2*v3*v1+2*v9^2*v6^2*v3*v1+-4*v1                         0*v9*v6*v5*v3*v1+4*v10^2*<1+2*v9^2*v6^2*v3*v1+-4*v10*v9*v6*v5*v3*v1+4*v10^2*v                         6*v4*v3*v1+-4*v9^2*v6*v4*<*v9*v6*v5*v3*v1+4*v10^2*v6*v4*v3*v1+-4*v9^2*v6*v4*v                         3*v1+2*v10*v6^2*v4*v3*v1+<*v4*v3*v1+-4*v9^2*v6*v4*v3*v1+2*v10*v6^2*v4*v3*v1+4                         *v9*v6*v5*v4*v3*v1+-2*v10<*v1+2*v10*v6^2*v4*v3*v1+4*v9*v6*v5*v4*v3*v1+-2*v10*                         v5^2*v4*v3*v1+-2*v10^2*v4<v9*v6*v5*v4*v3*v1+-2*v10*v5^2*v4*v3*v1+-2*v10^2*v4^                         2*v3*v1+2*v9^2*v4^2*v3*v1<5^2*v4*v3*v1+-2*v10^2*v4^2*v3*v1+2*v9^2*v4^2*v3*v1+                         -4*v10*v6*v4^2*v3*v1+2*v5<*v3*v1+2*v9^2*v4^2*v3*v1+-4*v10*v6*v4^2*v3*v1+2*v5^                         2*v4^2*v3*v1+2*v10*v4^3*v<4*v10*v6*v4^2*v3*v1+2*v5^2*v4^2*v3*v1+2*v10*v4^3*v3                         *v1+4*v10*v9*v6*v3^2*v1+-<*v4^2*v3*v1+2*v10*v4^3*v3*v1+4*v10*v9*v6*v3^2*v1+-4                         *v9*v6^2*v3^2*v1+4*v10*v6<v1+4*v10*v9*v6*v3^2*v1+-4*v9*v6^2*v3^2*v1+4*v10*v6*                         v5*v3^2*v1+-2*v10*v9*v4*v<v9*v6^2*v3^2*v1+4*v10*v6*v5*v3^2*v1+-2*v10*v9*v4*v3                         ^2*v1+4*v9*v6*v4*v3^2*v1+<5*v3^2*v1+-2*v10*v9*v4*v3^2*v1+4*v9*v6*v4*v3^2*v1+-                         4*v6*v5*v4*v3^2*v1+-2*v9*<2*v1+4*v9*v6*v4*v3^2*v1+-4*v6*v5*v4*v3^2*v1+-2*v9*v                         4^2*v3^2*v1+-4*v10*v6*v3^<*v6*v5*v4*v3^2*v1+-2*v9*v4^2*v3^2*v1+-4*v10*v6*v3^3                         *v1+2*v6^2*v3^3*v1+2*v10*<^2*v3^2*v1+-4*v10*v6*v3^3*v1+2*v6^2*v3^3*v1+2*v10*v                         4*v3^3*v1+-2*v10*v9*v6^2*<v1+2*v6^2*v3^3*v1+2*v10*v4*v3^3*v1+-2*v10*v9*v6^2*v                         2*v1+-2*v10*v9*v5^2*v2*v1<*v3^3*v1+-2*v10*v9*v6^2*v2*v1+-2*v10*v9*v5^2*v2*v1+                         4*v10*v9*v6*v4*v2*v1+2*v9<*v1+-2*v10*v9*v5^2*v2*v1+4*v10*v9*v6*v4*v2*v1+2*v9*                         v6^2*v4*v2*v1+2*v9*v5^2*v<*v10*v9*v6*v4*v2*v1+2*v9*v6^2*v4*v2*v1+2*v9*v5^2*v4                         *v2*v1+-2*v10*v9*v4^2*v2*<6^2*v4*v2*v1+2*v9*v5^2*v4*v2*v1+-2*v10*v9*v4^2*v2*v                         1+-4*v9*v6*v4^2*v2*v1+2*v<v2*v1+-2*v10*v9*v4^2*v2*v1+-4*v9*v6*v4^2*v2*v1+2*v9                         *v4^3*v2*v1+2*v10*v6^2*v3<+-4*v9*v6*v4^2*v2*v1+2*v9*v4^3*v2*v1+2*v10*v6^2*v3*                         v2*v1+4*v10*v9*v5*v3*v2*v<v4^3*v2*v1+2*v10*v6^2*v3*v2*v1+4*v10*v9*v5*v3*v2*v1                         +2*v10*v5^2*v3*v2*v1+-4*v<2*v1+4*v10*v9*v5*v3*v2*v1+2*v10*v5^2*v3*v2*v1+-4*v1                         0*v6*v4*v3*v2*v1+-2*v6^2*<2*v10*v5^2*v3*v2*v1+-4*v10*v6*v4*v3*v2*v1+-2*v6^2*v                         4*v3*v2*v1+-4*v9*v5*v4*v3<*v6*v4*v3*v2*v1+-2*v6^2*v4*v3*v2*v1+-4*v9*v5*v4*v3*                         v2*v1+-2*v5^2*v4*v3*v2*v1<*v3*v2*v1+-4*v9*v5*v4*v3*v2*v1+-2*v5^2*v4*v3*v2*v1+                         2*v10*v4^2*v3*v2*v1+4*v6*<2*v1+-2*v5^2*v4*v3*v2*v1+2*v10*v4^2*v3*v2*v1+4*v6*v                         4^2*v3*v2*v1+-2*v4^3*v3*v<*v10*v4^2*v3*v2*v1+4*v6*v4^2*v3*v2*v1+-2*v4^3*v3*v2                         *v1+-2*v10*v9*v3^2*v2*v1+<^2*v3*v2*v1+-2*v4^3*v3*v2*v1+-2*v10*v9*v3^2*v2*v1+-                         4*v10*v5*v3^2*v2*v1+2*v9*<v1+-2*v10*v9*v3^2*v2*v1+-4*v10*v5*v3^2*v2*v1+2*v9*v                         4*v3^2*v2*v1+4*v5*v4*v3^2<*v10*v5*v3^2*v2*v1+2*v9*v4*v3^2*v2*v1+4*v5*v4*v3^2*                         v2*v1+2*v10*v3^3*v2*v1+-2<*v3^2*v2*v1+4*v5*v4*v3^2*v2*v1+2*v10*v3^3*v2*v1+-2*                         v4*v3^3*v2*v1+1*v10^2*v6^<2*v1+2*v10*v3^3*v2*v1+-2*v4*v3^3*v2*v1+1*v10^2*v6^2                         *v1^2+-1*v9^2*v6^2*v1^2+2<4*v3^3*v2*v1+1*v10^2*v6^2*v1^2+-1*v9^2*v6^2*v1^2+2*                         v10*v9*v6*v5*v1^2+-2*v10^<v1^2+-1*v9^2*v6^2*v1^2+2*v10*v9*v6*v5*v1^2+-2*v10^2                         *v6*v4*v1^2+2*v9^2*v6*v4*<10*v9*v6*v5*v1^2+-2*v10^2*v6*v4*v1^2+2*v9^2*v6*v4*v                         1^2+-2*v10*v6^2*v4*v1^2+-<v6*v4*v1^2+2*v9^2*v6*v4*v1^2+-2*v10*v6^2*v4*v1^2+-2                         *v10*v9*v5*v4*v1^2+-2*v9*<^2+-2*v10*v6^2*v4*v1^2+-2*v10*v9*v5*v4*v1^2+-2*v9*v                         6*v5*v4*v1^2+1*v10^2*v4^2<v10*v9*v5*v4*v1^2+-2*v9*v6*v5*v4*v1^2+1*v10^2*v4^2*                         v1^2+-1*v9^2*v4^2*v1^2+4*<*v5*v4*v1^2+1*v10^2*v4^2*v1^2+-1*v9^2*v4^2*v1^2+4*v                         10*v6*v4^2*v1^2+1*v6^2*v4<1^2+-1*v9^2*v4^2*v1^2+4*v10*v6*v4^2*v1^2+1*v6^2*v4^                         2*v1^2+2*v9*v5*v4^2*v1^2+<0*v6*v4^2*v1^2+1*v6^2*v4^2*v1^2+2*v9*v5*v4^2*v1^2+-                         2*v10*v4^3*v1^2+-2*v6*v4^<*v1^2+2*v9*v5*v4^2*v1^2+-2*v10*v4^3*v1^2+-2*v6*v4^3                         *v1^2+1*v4^4*v1^2+-2*v10*<*v10*v4^3*v1^2+-2*v6*v4^3*v1^2+1*v4^4*v1^2+-2*v10*v                         9*v6*v3*v1^2+2*v9*v6^2*v3<v1^2+1*v4^4*v1^2+-2*v10*v9*v6*v3*v1^2+2*v9*v6^2*v3*                         v1^2+-2*v10*v6*v5*v3*v1^2<*v6*v3*v1^2+2*v9*v6^2*v3*v1^2+-2*v10*v6*v5*v3*v1^2+                         2*v10*v9*v4*v3*v1^2+-2*v9<1^2+-2*v10*v6*v5*v3*v1^2+2*v10*v9*v4*v3*v1^2+-2*v9*                         v6*v4*v3*v1^2+2*v10*v5*v4<*v10*v9*v4*v3*v1^2+-2*v9*v6*v4*v3*v1^2+2*v10*v5*v4*                         v3*v1^2+2*v6*v5*v4*v3*v1^<6*v4*v3*v1^2+2*v10*v5*v4*v3*v1^2+2*v6*v5*v4*v3*v1^2                         +-2*v5*v4^2*v3*v1^2+2*v10<3*v1^2+2*v6*v5*v4*v3*v1^2+-2*v5*v4^2*v3*v1^2+2*v10*                         v6*v3^2*v1^2+-1*v6^2*v3^2<-2*v5*v4^2*v3*v1^2+2*v10*v6*v3^2*v1^2+-1*v6^2*v3^2*                         v1^2+-2*v10*v4*v3^2*v1^2+<6*v3^2*v1^2+-1*v6^2*v3^2*v1^2+-2*v10*v4*v3^2*v1^2+1                         *v4^2*v3^2*v1^2,22+-5*v4,<1^2+-2*v10*v4*v3^2*v1^2+1*v4^2*v3^2*v1^2,22+-5*v4,3                         1+50*v6,78+-25*v3,119+-25<v4^2*v3^2*v1^2,22+-5*v4,31+50*v6,78+-25*v3,119+-25*                         v5],[v3,v4,v5,v6,v7,v8,v9<+50*v6,78+-25*v3,119+-25*v5],[v3,v4,v5,v6,v7,v8,v9,                         v10,v11,v12,v13,v14,v1,v2<5],[v3,v4,v5,v6,v7,v8,v9,v10,v11,v12,v13,v14,v1,v2]                         ,revlex)
Done
1>> 